OpenJDK 64-Bit Server VM (24.111-b01) for linux-amd64 JRE (1.7.0_111-b01), built on Aug 12 2016 05:30:29 by "buildd" with gcc 4.8.4
Memory: 4k page, physical 4043376k(41228k free), swap 524284k(447908k free)
CommandLine flags: -XX:+CMSClassUnloadingEnabled -XX:+CMSScavengeBeforeRemark -XX:+DisableExplicitGC -XX:InitialHeapSize=1073741824 -XX:+ManagementServer -XX:MaxHeapSize=1073741824 -XX:MaxNewSize=348966912 -XX:MaxTenuringThreshold=6 -XX:NewSize=348966912 -XX:OldPLABSize=16 -XX:OldSize=697933824 -XX:+PrintGC -XX:+PrintGCDateStamps -XX:+PrintGCDetails -XX:+PrintGCTimeStamps -XX:+UseCompressedOops -XX:+UseConcMarkSweepGC -XX:+UseParNewGC 
2016-11-04T18:57:33.923+0300: 6.068: [GC2016-11-04T18:57:33.923+0300: 6.068: [ParNew: 272640K->10146K(306688K), 0.0323570 secs] 272640K->10146K(1014528K), 0.0325230 secs] [Times: user=0.05 sys=0.00, real=0.03 secs] 
2016-11-04T18:57:34.973+0300: 7.119: [GC [1 CMS-initial-mark: 0K(707840K)] 180944K(1014528K), 0.0278570 secs] [Times: user=0.03 sys=0.00, real=0.03 secs] 
2016-11-04T18:57:35.002+0300: 7.147: [CMS-concurrent-mark-start]
2016-11-04T18:57:35.029+0300: 7.174: [CMS-concurrent-mark: 0.027/0.027 secs] [Times: user=0.03 sys=0.00, real=0.03 secs] 
2016-11-04T18:57:35.029+0300: 7.174: [CMS-concurrent-preclean-start]
2016-11-04T18:57:35.030+0300: 7.176: [CMS-concurrent-preclean: 0.001/0.002 secs] [Times: user=0.00 sys=0.00, real=0.00 secs] 
2016-11-04T18:57:35.030+0300: 7.176: [CMS-concurrent-abortable-preclean-start]
2016-11-04T18:57:35.863+0300: 8.009: [GC2016-11-04T18:57:35.947+0300: 8.093: [ParNew: 282660K->4029K(306688K), 0.0097840 secs] 282660K->4029K(1014528K), 0.0939380 secs] [Times: user=0.03 sys=0.00, real=0.10 secs] 
2016-11-04T18:57:37.231+0300: 9.377: [CMS-concurrent-abortable-preclean: 0.559/2.201 secs] [Times: user=1.17 sys=0.07, real=2.20 secs] 
2016-11-04T18:57:37.236+0300: 9.382: [GC[YG occupancy: 182079 K (306688 K)]2016-11-04T18:57:37.237+0300: 9.382: [GC2016-11-04T18:57:37.237+0300: 9.382: [ParNew: 182079K->19535K(306688K), 0.0111990 secs] 182079K->19535K(1014528K), 0.0113260 secs] [Times: user=0.03 sys=0.00, real=0.02 secs] 
2016-11-04T18:57:37.248+0300: 9.393: [Rescan (parallel) , 0.0063940 secs]2016-11-04T18:57:37.254+0300: 9.400: [weak refs processing, 0.0000560 secs]2016-11-04T18:57:37.254+0300: 9.400: [class unloading, 0.0030770 secs]2016-11-04T18:57:37.258+0300: 9.403: [scrub symbol table, 0.0053490 secs]2016-11-04T18:57:37.263+0300: 9.408: [scrub string table, 0.0004070 secs] [1 CMS-remark: 0K(707840K)] 19535K(1014528K), 0.0275820 secs] [Times: user=0.06 sys=0.00, real=0.03 secs] 
2016-11-04T18:57:37.264+0300: 9.410: [CMS-concurrent-sweep-start]
2016-11-04T18:57:37.273+0300: 9.419: [CMS-concurrent-sweep: 0.006/0.009 secs] [Times: user=0.03 sys=0.00, real=0.01 secs] 
2016-11-04T18:57:37.274+0300: 9.419: [CMS-concurrent-reset-start]
2016-11-04T18:57:37.319+0300: 9.465: [CMS-concurrent-reset: 0.046/0.046 secs] [Times: user=0.10 sys=0.04, real=0.05 secs] 
2016-11-04T18:57:52.006+0300: 24.151: [GC2016-11-04T18:57:52.006+0300: 24.151: [ParNew: 292175K->3407K(306688K), 0.0272340 secs] 292175K->6472K(1014528K), 0.0274560 secs] [Times: user=0.07 sys=0.01, real=0.03 secs] 
2016-11-04T20:08:31.277+0300: 4263.422: [GC2016-11-04T20:08:31.277+0300: 4263.422: [ParNew: 276047K->2227K(306688K), 0.0096440 secs] 279112K->5292K(1014528K), 0.0098030 secs] [Times: user=0.03 sys=0.00, real=0.00 secs] 
2016-11-04T21:26:11.089+0300: 8923.234: [GC2016-11-04T21:26:11.089+0300: 8923.234: [ParNew: 274867K->2154K(306688K), 0.0067240 secs] 277932K->5219K(1014528K), 0.0068810 secs] [Times: user=0.02 sys=0.00, real=0.00 secs] 
2016-11-04T22:45:06.277+0300: 13658.423: [GC2016-11-04T22:45:06.277+0300: 13658.423: [ParNew: 274794K->2028K(306688K), 0.0066470 secs] 277859K->5093K(1014528K), 0.0067910 secs] [Times: user=0.03 sys=0.00, real=0.00 secs] 
2016-11-05T00:05:21.277+0300: 18473.422: [GC2016-11-05T00:05:21.277+0300: 18473.422: [ParNew: 274668K->2339K(306688K), 0.0082020 secs] 277733K->5419K(1014528K), 0.0083540 secs] [Times: user=0.02 sys=0.00, real=0.00 secs] 
2016-11-05T01:27:06.277+0300: 23378.422: [GC2016-11-05T01:27:06.277+0300: 23378.422: [ParNew: 274979K->2608K(306688K), 0.0100220 secs] 278059K->5714K(1014528K), 0.0101800 secs] [Times: user=0.03 sys=0.00, real=0.01 secs] 
2016-11-05T02:49:01.277+0300: 28293.422: [GC2016-11-05T02:49:01.277+0300: 28293.422: [ParNew: 275248K->2453K(306688K), 0.0084120 secs] 278354K->5657K(1014528K), 0.0085560 secs] [Times: user=0.02 sys=0.00, real=0.01 secs] 
2016-11-05T04:09:06.277+0300: 33098.422: [GC2016-11-05T04:09:06.277+0300: 33098.423: [ParNew: 275093K->2503K(306688K), 0.0163890 secs] 278297K->5797K(1014528K), 0.0167920 secs] [Times: user=0.02 sys=0.00, real=0.02 secs] 
2016-11-05T05:32:16.285+0300: 38088.431: [GC2016-11-05T05:32:16.287+0300: 38088.432: [ParNew: 275143K->2454K(306688K), 0.0217400 secs] 278437K->5767K(1014528K), 0.0237010 secs] [Times: user=0.03 sys=0.00, real=0.03 secs] 
2016-11-05T06:54:50.432+0300: 43042.577: [GC2016-11-05T06:54:50.432+0300: 43042.577: [ParNew: 275094K->2620K(306688K), 0.0063160 secs] 278407K->5935K(1014528K), 0.0067260 secs] [Times: user=0.02 sys=0.00, real=0.01 secs] 
2016-11-05T08:17:00.882+0300: 47973.027: [GC2016-11-05T08:17:00.882+0300: 47973.027: [ParNew: 275260K->2111K(306688K), 0.0060640 secs] 278575K->5427K(1014528K), 0.0064010 secs] [Times: user=0.02 sys=0.00, real=0.01 secs] 
2016-11-05T09:39:31.277+0300: 52923.423: [GC2016-11-05T09:39:31.278+0300: 52923.423: [ParNew: 274751K->2119K(306688K), 0.0070860 secs] 278067K->5435K(1014528K), 0.0075000 secs] [Times: user=0.03 sys=0.00, real=0.00 secs] 
2016-11-05T11:00:56.846+0300: 57808.991: [GC2016-11-05T11:00:56.846+0300: 57808.991: [ParNew: 274759K->2145K(306688K), 0.0055860 secs] 278075K->5463K(1014528K), 0.0059430 secs] [Times: user=0.02 sys=0.00, real=0.00 secs] 
2016-11-05T12:23:16.276+0300: 62748.422: [GC2016-11-05T12:23:16.277+0300: 62748.422: [ParNew: 274785K->2210K(306688K), 0.0073560 secs] 278103K->5530K(1014528K), 0.0077450 secs] [Times: user=0.02 sys=0.00, real=0.01 secs] 
2016-11-05T13:44:55.910+0300: 67648.055: [GC2016-11-05T13:44:55.910+0300: 67648.056: [ParNew: 274850K->2258K(306688K), 0.0064830 secs] 278170K->5578K(1014528K), 0.0068750 secs] [Times: user=0.02 sys=0.00, real=0.00 secs] 
2016-11-05T15:06:37.408+0300: 72549.553: [GC2016-11-05T15:06:37.408+0300: 72549.553: [ParNew: 274898K->1777K(306688K), 0.0093850 secs] 278218K->5098K(1014528K), 0.0097470 secs] [Times: user=0.03 sys=0.01, real=0.01 secs] 
2016-11-05T16:28:56.276+0300: 77488.422: [GC2016-11-05T16:28:56.277+0300: 77488.422: [ParNew: 274417K->1945K(306688K), 0.0064540 secs] 277738K->5266K(1014528K), 0.0068000 secs] [Times: user=0.02 sys=0.00, real=0.00 secs] 
2016-11-05T17:51:26.276+0300: 82438.422: [GC2016-11-05T17:51:26.277+0300: 82438.422: [ParNew: 274585K->2020K(306688K), 0.0079610 secs] 277906K->5341K(1014528K), 0.0083160 secs] [Times: user=0.02 sys=0.00, real=0.00 secs] 
2016-11-05T19:13:11.277+0300: 87343.422: [GC2016-11-05T19:13:11.277+0300: 87343.422: [ParNew: 274660K->2189K(306688K), 0.0068350 secs] 277981K->5510K(1014528K), 0.0071890 secs] [Times: user=0.02 sys=0.00, real=0.00 secs] 
2016-11-05T20:35:50.083+0300: 92302.229: [GC2016-11-05T20:35:50.084+0300: 92302.229: [ParNew: 274829K->2958K(306688K), 0.0075080 secs] 278150K->6280K(1014528K), 0.0079500 secs] [Times: user=0.02 sys=0.00, real=0.01 secs] 
2016-11-05T21:57:50.581+0300: 97222.726: [GC2016-11-05T21:57:50.581+0300: 97222.726: [ParNew: 275598K->2857K(306688K), 0.0088660 secs] 278920K->6180K(1014528K), 0.0092480 secs] [Times: user=0.02 sys=0.00, real=0.01 secs] 
2016-11-05T23:20:21.991+0300: 102174.136: [GC2016-11-05T23:20:21.991+0300: 102174.136: [ParNew: 275497K->1674K(306688K), 0.0099670 secs] 278820K->5014K(1014528K), 0.0105250 secs] [Times: user=0.03 sys=0.00, real=0.01 secs] 
2016-11-06T00:42:54.569+0300: 107126.715: [GC2016-11-06T00:42:54.570+0300: 107126.715: [ParNew: 274314K->2432K(306688K), 0.0064150 secs] 277654K->5772K(1014528K), 0.0069260 secs] [Times: user=0.02 sys=0.00, real=0.00 secs] 
2016-11-06T02:04:53.253+0300: 112045.399: [GC2016-11-06T02:04:53.254+0300: 112045.399: [ParNew: 275072K->2234K(306688K), 0.0071810 secs] 278412K->5575K(1014528K), 0.0076600 secs] [Times: user=0.03 sys=0.00, real=0.01 secs] 
2016-11-06T03:27:37.796+0300: 117009.941: [GC2016-11-06T03:27:37.796+0300: 117009.942: [ParNew: 274874K->2204K(306688K), 0.0069630 secs] 278215K->5545K(1014528K), 0.0075490 secs] [Times: user=0.02 sys=0.00, real=0.00 secs] 
2016-11-06T04:50:06.277+0300: 121958.422: [GC2016-11-06T04:50:06.277+0300: 121958.422: [ParNew: 274844K->2522K(306688K), 0.0080260 secs] 278185K->5863K(1014528K), 0.0081480 secs] [Times: user=0.03 sys=0.00, real=0.01 secs] 
2016-11-06T06:12:16.875+0300: 126889.021: [GC2016-11-06T06:12:16.875+0300: 126889.021: [ParNew: 275162K->2551K(306688K), 0.0061200 secs] 278503K->5892K(1014528K), 0.0065380 secs] [Times: user=0.02 sys=0.00, real=0.01 secs] 
2016-11-06T07:34:59.888+0300: 131852.033: [GC2016-11-06T07:34:59.888+0300: 131852.034: [ParNew: 275191K->2278K(306688K), 0.0057310 secs] 278532K->5619K(1014528K), 0.0061820 secs] [Times: user=0.02 sys=0.00, real=0.00 secs] 
2016-11-06T08:57:42.485+0300: 136814.630: [GC2016-11-06T08:57:42.485+0300: 136814.631: [ParNew: 274918K->2133K(306688K), 0.0075990 secs] 278259K->5475K(1014528K), 0.0081480 secs] [Times: user=0.03 sys=0.00, real=0.01 secs] 
2016-11-06T10:19:30.952+0300: 141723.097: [GC2016-11-06T10:19:30.952+0300: 141723.097: [ParNew: 274773K->1825K(306688K), 0.0098780 secs] 278115K->5166K(1014528K), 0.0102360 secs] [Times: user=0.03 sys=0.00, real=0.01 secs] 
2016-11-06T11:41:56.277+0300: 146668.422: [GC2016-11-06T11:41:56.277+0300: 146668.422: [ParNew: 274465K->1992K(306688K), 0.0087950 secs] 277806K->5333K(1014528K), 0.0090320 secs] [Times: user=0.02 sys=0.00, real=0.01 secs] 
2016-11-06T13:03:31.277+0300: 151563.422: [GC2016-11-06T13:03:31.277+0300: 151563.422: [ParNew: 274632K->2455K(306688K), 0.0102060 secs] 277973K->5796K(1014528K), 0.0106380 secs] [Times: user=0.02 sys=0.00, real=0.01 secs] 
2016-11-06T14:26:01.277+0300: 156513.422: [GC2016-11-06T14:26:01.277+0300: 156513.422: [ParNew: 275095K->2224K(306688K), 0.0089790 secs] 278436K->5565K(1014528K), 0.0093440 secs] [Times: user=0.02 sys=0.00, real=0.01 secs] 
2016-11-06T15:48:36.277+0300: 161468.422: [GC2016-11-06T15:48:36.277+0300: 161468.422: [ParNew: 274864K->2786K(306688K), 0.0076120 secs] 278205K->6127K(1014528K), 0.0079470 secs] [Times: user=0.01 sys=0.00, real=0.01 secs] 
2016-11-06T17:10:41.277+0300: 166393.422: [GC2016-11-06T17:10:41.277+0300: 166393.422: [ParNew: 275426K->3035K(306688K), 0.0072090 secs] 278767K->6376K(1014528K), 0.0075780 secs] [Times: user=0.02 sys=0.00, real=0.01 secs] 
2016-11-06T18:33:13.631+0300: 171345.776: [GC2016-11-06T18:33:13.631+0300: 171345.776: [ParNew: 275675K->2415K(306688K), 0.0078830 secs] 279016K->5757K(1014528K), 0.0083410 secs] [Times: user=0.03 sys=0.00, real=0.01 secs] 
2016-11-06T19:55:36.277+0300: 176288.422: [GC2016-11-06T19:55:36.277+0300: 176288.422: [ParNew: 275055K->2670K(306688K), 0.0056330 secs] 278397K->6012K(1014528K), 0.0059790 secs] [Times: user=0.02 sys=0.00, real=0.00 secs] 
2016-11-06T21:17:37.795+0300: 181209.941: [GC2016-11-06T21:17:37.796+0300: 181209.941: [ParNew: 275310K->2305K(306688K), 0.0062040 secs] 278652K->5661K(1014528K), 0.0065620 secs] [Times: user=0.02 sys=0.00, real=0.01 secs] 
2016-11-06T22:40:21.277+0300: 186173.422: [GC2016-11-06T22:40:21.277+0300: 186173.423: [ParNew: 274945K->2706K(306688K), 0.0097810 secs] 278301K->6062K(1014528K), 0.0102870 secs] [Times: user=0.03 sys=0.00, real=0.01 secs] 
2016-11-07T00:02:22.662+0300: 191094.807: [GC2016-11-07T00:02:22.662+0300: 191094.807: [ParNew: 275346K->2608K(306688K), 0.0067200 secs] 278702K->5964K(1014528K), 0.0071180 secs] [Times: user=0.02 sys=0.00, real=0.01 secs] 
2016-11-07T01:24:51.277+0300: 196043.422: [GC2016-11-07T01:24:51.277+0300: 196043.422: [ParNew: 275248K->1991K(306688K), 0.0061960 secs] 278604K->5347K(1014528K), 0.0064110 secs] [Times: user=0.02 sys=0.00, real=0.01 secs] 
2016-11-07T02:47:42.545+0300: 201014.690: [GC2016-11-07T02:47:42.545+0300: 201014.691: [ParNew: 274631K->2314K(306688K), 0.0077880 secs] 277987K->5670K(1014528K), 0.0082320 secs] [Times: user=0.02 sys=0.00, real=0.01 secs] 
2016-11-07T04:09:46.284+0300: 205938.429: [GC2016-11-07T04:09:46.284+0300: 205938.430: [ParNew: 274954K->2946K(306688K), 0.0142360 secs] 278310K->6303K(1014528K), 0.0149390 secs] [Times: user=0.03 sys=0.00, real=0.02 secs] 
2016-11-07T05:32:36.276+0300: 210908.422: [GC2016-11-07T05:32:36.277+0300: 210908.422: [ParNew: 275586K->2205K(306688K), 0.0069730 secs] 278943K->5562K(1014528K), 0.0073310 secs] [Times: user=0.02 sys=0.00, real=0.00 secs] 
2016-11-07T06:55:06.099+0300: 215858.245: [GC2016-11-07T06:55:06.100+0300: 215858.245: [ParNew: 274845K->2295K(306688K), 0.0100550 secs] 278202K->5653K(1014528K), 0.0105390 secs] [Times: user=0.03 sys=0.00, real=0.01 secs] 
2016-11-07T08:17:21.278+0300: 220793.423: [GC2016-11-07T08:17:21.278+0300: 220793.423: [ParNew: 274935K->1722K(306688K), 0.0071660 secs] 278293K->5079K(1014528K), 0.0073740 secs] [Times: user=0.02 sys=0.00, real=0.01 secs] 
2016-11-07T09:39:56.279+0300: 225748.424: [GC2016-11-07T09:39:56.279+0300: 225748.425: [ParNew: 274362K->2139K(306688K), 0.0071450 secs] 277719K->5497K(1014528K), 0.0074370 secs] [Times: user=0.02 sys=0.00, real=0.01 secs] 
2016-11-07T11:01:53.246+0300: 230665.392: [GC2016-11-07T11:01:53.247+0300: 230665.392: [ParNew: 274779K->2013K(306688K), 0.0052350 secs] 278137K->5370K(1014528K), 0.0055590 secs] [Times: user=0.02 sys=0.00, real=0.01 secs] 
2016-11-07T12:24:11.277+0300: 235603.422: [GC2016-11-07T12:24:11.277+0300: 235603.423: [ParNew: 274653K->2160K(306688K), 0.0085630 secs] 278010K->5518K(1014528K), 0.0090920 secs] [Times: user=0.02 sys=0.00, real=0.01 secs] 
2016-11-07T13:46:56.277+0300: 240568.422: [GC2016-11-07T13:46:56.277+0300: 240568.422: [ParNew: 274800K->2091K(306688K), 0.0056450 secs] 278158K->5448K(1014528K), 0.0058960 secs] [Times: user=0.02 sys=0.00, real=0.00 secs] 
2016-11-07T15:08:47.746+0300: 245479.891: [GC2016-11-07T15:08:47.746+0300: 245479.891: [ParNew: 274731K->2485K(306688K), 0.0090870 secs] 278088K->5843K(1014528K), 0.0093520 secs] [Times: user=0.01 sys=0.01, real=0.01 secs] 
2016-11-07T16:31:40.919+0300: 250453.064: [GC2016-11-07T16:31:40.922+0300: 250453.068: [ParNew: 275125K->2768K(306688K), 0.0182210 secs] 278483K->6126K(1014528K), 0.0216440 secs] [Times: user=0.04 sys=0.00, real=0.02 secs] 
2016-11-07T17:53:56.277+0300: 255388.422: [GC2016-11-07T17:53:56.277+0300: 255388.422: [ParNew: 275408K->2640K(306688K), 0.0151820 secs] 278766K->5997K(1014528K), 0.0156030 secs] [Times: user=0.04 sys=0.00, real=0.01 secs] 
2016-11-07T19:15:51.626+0300: 260303.772: [GC2016-11-07T19:15:51.627+0300: 260303.772: [ParNew: 275280K->2055K(306688K), 0.0077790 secs] 278637K->5412K(1014528K), 0.0081650 secs] [Times: user=0.02 sys=0.00, real=0.01 secs] 
2016-11-07T20:38:28.881+0300: 265261.026: [GC2016-11-07T20:38:28.881+0300: 265261.027: [ParNew: 274695K->1903K(306688K), 0.0134280 secs] 278052K->5260K(1014528K), 0.0139810 secs] [Times: user=0.02 sys=0.00, real=0.01 secs] 
2016-11-07T22:00:26.277+0300: 270178.422: [GC2016-11-07T22:00:26.277+0300: 270178.423: [ParNew: 274543K->2452K(306688K), 0.0081180 secs] 277900K->5810K(1014528K), 0.0086070 secs] [Times: user=0.02 sys=0.00, real=0.01 secs] 
2016-11-07T23:22:46.277+0300: 275118.422: [GC2016-11-07T23:22:46.277+0300: 275118.423: [ParNew: 275092K->2593K(306688K), 0.0087000 secs] 278450K->5951K(1014528K), 0.0091060 secs] [Times: user=0.02 sys=0.00, real=0.00 secs] 
2016-11-08T00:45:00.882+0300: 280053.027: [GC2016-11-08T00:45:00.882+0300: 280053.028: [ParNew: 275233K->2245K(306688K), 0.0122350 secs] 278591K->5618K(1014528K), 0.0127120 secs] [Times: user=0.03 sys=0.00, real=0.01 secs] 
2016-11-08T02:07:01.277+0300: 284973.422: [GC2016-11-08T02:07:01.277+0300: 284973.422: [ParNew: 274885K->2537K(306688K), 0.0073270 secs] 278258K->5921K(1014528K), 0.0076930 secs] [Times: user=0.02 sys=0.00, real=0.00 secs] 
2016-11-08T03:29:26.276+0300: 289918.422: [GC2016-11-08T03:29:26.277+0300: 289918.422: [ParNew: 275177K->1800K(306688K), 0.0095530 secs] 278561K->5185K(1014528K), 0.0099040 secs] [Times: user=0.02 sys=0.00, real=0.01 secs] 
2016-11-08T04:51:46.277+0300: 294858.422: [GC2016-11-08T04:51:46.277+0300: 294858.423: [ParNew: 274440K->2255K(306688K), 0.0089610 secs] 277825K->5639K(1014528K), 0.0093790 secs] [Times: user=0.02 sys=0.00, real=0.01 secs] 
2016-11-08T06:13:46.277+0300: 299778.422: [GC2016-11-08T06:13:46.277+0300: 299778.422: [ParNew: 274895K->1876K(306688K), 0.0062580 secs] 278279K->5261K(1014528K), 0.0063810 secs] [Times: user=0.01 sys=0.00, real=0.01 secs] 
2016-11-08T07:36:26.277+0300: 304738.422: [GC2016-11-08T07:36:26.277+0300: 304738.423: [ParNew: 274516K->2638K(306688K), 0.0071390 secs] 277901K->6023K(1014528K), 0.0077250 secs] [Times: user=0.02 sys=0.00, real=0.00 secs] 
2016-11-08T08:58:31.282+0300: 309663.427: [GC2016-11-08T08:58:31.283+0300: 309663.428: [ParNew: 275278K->2874K(306688K), 0.0162480 secs] 278663K->6258K(1014528K), 0.0173790 secs] [Times: user=0.02 sys=0.00, real=0.02 secs] 
2016-11-08T10:20:56.281+0300: 314608.426: [GC2016-11-08T10:20:56.281+0300: 314608.427: [ParNew: 275514K->1930K(306688K), 0.0080090 secs] 278898K->5314K(1014528K), 0.0082560 secs] [Times: user=0.02 sys=0.00, real=0.01 secs] 
2016-11-08T11:43:31.282+0300: 319563.427: [GC2016-11-08T11:43:31.282+0300: 319563.428: [ParNew: 274570K->2259K(306688K), 0.0068840 secs] 277954K->5644K(1014528K), 0.0075120 secs] [Times: user=0.02 sys=0.00, real=0.01 secs] 
2016-11-08T13:05:27.359+0300: 324479.504: [GC2016-11-08T13:05:27.359+0300: 324479.505: [ParNew: 274899K->2295K(306688K), 0.0058480 secs] 278284K->5679K(1014528K), 0.0060930 secs] [Times: user=0.02 sys=0.00, real=0.01 secs] 
2016-11-08T14:28:00.916+0300: 329433.062: [GC2016-11-08T14:28:00.917+0300: 329433.062: [ParNew: 274935K->2147K(306688K), 0.4196950 secs] 278319K->5532K(1014528K), 0.4210360 secs] [Times: user=0.07 sys=0.05, real=0.42 secs] 
2016-11-08T15:49:29.536+0300: 334321.682: [GC2016-11-08T15:49:29.537+0300: 334321.683: [ParNew: 274787K->2631K(306688K), 0.0242530 secs] 278172K->6016K(1014528K), 0.0250400 secs] [Times: user=0.03 sys=0.00, real=0.03 secs] 
2016-11-08T17:11:36.301+0300: 339248.447: [GC2016-11-08T17:11:36.301+0300: 339248.447: [ParNew: 275271K->3023K(306688K), 0.0097910 secs] 278656K->6408K(1014528K), 0.0100670 secs] [Times: user=0.03 sys=0.00, real=0.01 secs] 
2016-11-08T18:34:11.279+0300: 344203.425: [GC2016-11-08T18:34:11.653+0300: 344203.798: [ParNew: 275663K->1939K(306688K), 0.0069890 secs] 279048K->5324K(1014528K), 0.3808210 secs] [Times: user=0.01 sys=0.01, real=0.38 secs] 
2016-11-08T19:56:26.280+0300: 349138.425: [GC2016-11-08T19:56:26.280+0300: 349138.425: [ParNew: 274579K->2188K(306688K), 0.0059820 secs] 277964K->5573K(1014528K), 0.0061950 secs] [Times: user=0.01 sys=0.00, real=0.01 secs] 
2016-11-08T21:18:04.560+0300: 354036.705: [GC2016-11-08T21:18:04.560+0300: 354036.706: [ParNew: 274828K->2262K(306688K), 0.0079280 secs] 278213K->5647K(1014528K), 0.0082010 secs] [Times: user=0.02 sys=0.00, real=0.01 secs] 
2016-11-08T22:40:39.799+0300: 358991.944: [GC2016-11-08T22:40:39.799+0300: 358991.944: [ParNew: 274902K->2595K(306688K), 0.0089350 secs] 278287K->5980K(1014528K), 0.0092520 secs] [Times: user=0.02 sys=0.00, real=0.01 secs] 
2016-11-09T00:02:46.283+0300: 363918.428: [GC2016-11-09T00:02:46.283+0300: 363918.428: [ParNew: 275235K->2080K(306688K), 0.0116260 secs] 278620K->5477K(1014528K), 0.0120590 secs] [Times: user=0.02 sys=0.00, real=0.01 secs] 
2016-11-09T01:25:21.282+0300: 368873.427: [GC2016-11-09T01:25:21.282+0300: 368873.427: [ParNew: 274720K->2362K(306688K), 0.0097490 secs] 278117K->5759K(1014528K), 0.0101820 secs] [Times: user=0.02 sys=0.00, real=0.01 secs] 
2016-11-09T02:47:53.894+0300: 373826.040: [GC2016-11-09T02:47:53.895+0300: 373826.040: [ParNew: 275002K->2649K(306688K), 0.0209930 secs] 278399K->6045K(1014528K), 0.0216440 secs] [Times: user=0.02 sys=0.01, real=0.02 secs] 
2016-11-09T04:10:01.348+0300: 378753.493: [GC2016-11-09T04:10:01.348+0300: 378753.494: [ParNew: 275289K->2703K(306688K), 0.0774730 secs] 278685K->6117K(1014528K), 0.0779580 secs] [Times: user=0.03 sys=0.02, real=0.08 secs] 
2016-11-09T05:32:37.810+0300: 383709.956: [GC2016-11-09T05:32:37.811+0300: 383709.957: [ParNew: 275343K->2562K(306688K), 0.1137160 secs] 278757K->5977K(1014528K), 0.1146610 secs] [Times: user=0.04 sys=0.00, real=0.11 secs] 
2016-11-09T06:55:06.317+0300: 388658.462: [GC2016-11-09T06:55:06.318+0300: 388658.463: [ParNew: 275202K->2447K(306688K), 0.0101910 secs] 278617K->5862K(1014528K), 0.0112800 secs] [Times: user=0.02 sys=0.00, real=0.01 secs] 
2016-11-09T08:16:54.362+0300: 393566.508: [GC2016-11-09T08:16:54.363+0300: 393566.508: [ParNew: 275087K->2327K(306688K), 0.2084570 secs] 278502K->5742K(1014528K), 0.2093290 secs] [Times: user=0.02 sys=0.00, real=0.21 secs] 
2016-11-09T09:39:36.293+0300: 398528.438: [GC2016-11-09T09:39:36.293+0300: 398528.439: [ParNew: 274967K->2333K(306688K), 0.0101740 secs] 278382K->5748K(1014528K), 0.0107610 secs] [Times: user=0.02 sys=0.00, real=0.01 secs] 
2016-11-09T11:01:41.390+0300: 403453.536: [GC2016-11-09T11:01:41.391+0300: 403453.536: [ParNew: 274973K->2504K(306688K), 0.0086910 secs] 278388K->5920K(1014528K), 0.0092840 secs] [Times: user=0.02 sys=0.00, real=0.01 secs] 
2016-11-09T12:23:56.337+0300: 408388.482: [GC2016-11-09T12:23:56.337+0300: 408388.483: [ParNew: 275144K->2278K(306688K), 0.0113940 secs] 278560K->5694K(1014528K), 0.0124200 secs] [Times: user=0.02 sys=0.00, real=0.01 secs] 
2016-11-09T13:46:41.305+0300: 413353.450: [GC2016-11-09T13:46:41.313+0300: 413353.459: [ParNew: 274918K->2435K(306688K), 0.1115490 secs] 278334K->5851K(1014528K), 0.1258990 secs] [Times: user=0.03 sys=0.00, real=0.13 secs] 
2016-11-09T15:08:32.712+0300: 418264.858: [GC2016-11-09T15:08:32.713+0300: 418264.858: [ParNew: 275075K->1924K(306688K), 0.0754670 secs] 278491K->5340K(1014528K), 0.0761800 secs] [Times: user=0.03 sys=0.00, real=0.08 secs] 
2016-11-09T16:31:00.955+0300: 423213.101: [GC2016-11-09T16:31:00.956+0300: 423213.101: [ParNew: 274564K->2267K(306688K), 0.0522760 secs] 277980K->5687K(1014528K), 0.0532880 secs] [Times: user=0.04 sys=0.00, real=0.05 secs] 
2016-11-09T17:53:36.025+0300: 428168.170: [GC2016-11-09T17:53:36.025+0300: 428168.171: [ParNew: 274907K->2499K(306688K), 0.0143680 secs] 278327K->5918K(1014528K), 0.0149790 secs] [Times: user=0.02 sys=0.00, real=0.02 secs] 
2016-11-09T19:15:49.522+0300: 433101.667: [GC2016-11-09T19:15:49.522+0300: 433101.667: [ParNew: 275139K->1970K(306688K), 0.0079290 secs] 278558K->5401K(1014528K), 0.0082180 secs] [Times: user=0.02 sys=0.00, real=0.01 secs] 
2016-11-09T20:38:31.297+0300: 438063.443: [GC2016-11-09T20:38:31.298+0300: 438063.443: [ParNew: 274610K->2494K(306688K), 0.0122450 secs] 278041K->5925K(1014528K), 0.0134620 secs] [Times: user=0.02 sys=0.01, real=0.01 secs] 
2016-11-09T22:00:17.903+0300: 442970.048: [GC2016-11-09T22:00:17.903+0300: 442970.049: [ParNew: 275134K->2473K(306688K), 0.0148610 secs] 278565K->5904K(1014528K), 0.0153560 secs] [Times: user=0.03 sys=0.00, real=0.02 secs] 
2016-11-09T23:22:37.893+0300: 447910.038: [GC2016-11-09T23:22:37.989+0300: 447910.135: [ParNew: 275113K->2136K(306688K), 0.0081100 secs] 278544K->5567K(1014528K), 0.1049310 secs] [Times: user=0.02 sys=0.00, real=0.11 secs] 
2016-11-10T00:45:16.289+0300: 452868.435: [GC2016-11-10T00:45:16.290+0300: 452868.436: [ParNew: 274776K->2169K(306688K), 0.0109020 secs] 278207K->5601K(1014528K), 0.0117020 secs] [Times: user=0.03 sys=0.00, real=0.01 secs] 
2016-11-10T02:07:26.303+0300: 457798.449: [GC2016-11-10T02:07:26.303+0300: 457798.449: [ParNew: 274809K->2245K(306688K), 0.0282830 secs] 278241K->5677K(1014528K), 0.0289550 secs] [Times: user=0.02 sys=0.01, real=0.03 secs] 
2016-11-10T03:30:01.305+0300: 462753.451: [GC2016-11-10T03:30:01.306+0300: 462753.451: [ParNew: 274885K->1844K(306688K), 0.0388450 secs] 278317K->5275K(1014528K), 0.0403210 secs] [Times: user=0.03 sys=0.00, real=0.04 secs] 
2016-11-10T04:52:37.842+0300: 467709.988: [GC2016-11-10T04:52:37.843+0300: 467709.989: [ParNew: 274484K->2048K(306688K), 0.0257960 secs] 277915K->5479K(1014528K), 0.0269030 secs] [Times: user=0.06 sys=0.00, real=0.03 secs] 
2016-11-10T06:14:55.438+0300: 472647.584: [GC2016-11-10T06:14:55.439+0300: 472647.584: [ParNew: 274688K->2482K(306688K), 0.0200410 secs] 278119K->5951K(1014528K), 0.0210030 secs] [Times: user=0.03 sys=0.01, real=0.02 secs] 
2016-11-10T07:37:37.816+0300: 477609.962: [GC2016-11-10T07:37:37.817+0300: 477609.963: [ParNew: 275122K->2904K(306688K), 0.0292300 secs] 278591K->6376K(1014528K), 0.0305030 secs] [Times: user=0.02 sys=0.00, real=0.03 secs] 
2016-11-10T08:59:40.920+0300: 482533.065: [GC2016-11-10T08:59:40.921+0300: 482533.066: [ParNew: 275544K->2191K(306688K), 0.0104620 secs] 279016K->5663K(1014528K), 0.0113030 secs] [Times: user=0.01 sys=0.01, real=0.01 secs] 
2016-11-10T10:21:56.313+0300: 487468.459: [GC2016-11-10T10:21:56.314+0300: 487468.459: [ParNew: 274831K->2590K(306688K), 0.0401190 secs] 278303K->6062K(1014528K), 0.0407530 secs] [Times: user=0.02 sys=0.00, real=0.04 secs] 
2016-11-10T11:44:16.315+0300: 492408.460: [GC2016-11-10T11:44:16.316+0300: 492408.461: [ParNew: 275230K->2187K(306688K), 0.0214830 secs] 278702K->5660K(1014528K), 0.0226690 secs] [Times: user=0.02 sys=0.00, real=0.03 secs] 
2016-11-10T13:06:25.171+0300: 497337.317: [GC2016-11-10T13:06:25.172+0300: 497337.318: [ParNew: 274827K->1929K(306688K), 0.0091120 secs] 278300K->5402K(1014528K), 0.0109050 secs] [Times: user=0.02 sys=0.00, real=0.01 secs] 
2016-11-10T14:29:01.302+0300: 502293.448: [GC2016-11-10T14:29:01.303+0300: 502293.449: [ParNew: 274569K->2390K(306688K), 0.0230830 secs] 278042K->5862K(1014528K), 0.0247580 secs] [Times: user=0.02 sys=0.01, real=0.02 secs] 
2016-11-10T15:51:51.381+0300: 507263.527: [GC2016-11-10T15:51:51.382+0300: 507263.527: [ParNew: 275030K->2359K(306688K), 0.0318190 secs] 278502K->5831K(1014528K), 0.0326840 secs] [Times: user=0.02 sys=0.00, real=0.03 secs] 
2016-11-10T17:13:41.156+0300: 512173.301: [GC2016-11-10T17:13:41.156+0300: 512173.302: [ParNew: 274999K->2121K(306688K), 0.0423430 secs] 278471K->5594K(1014528K), 0.0430440 secs] [Times: user=0.01 sys=0.01, real=0.05 secs] 
2016-11-10T18:36:21.315+0300: 517133.461: [GC2016-11-10T18:36:21.317+0300: 517133.462: [ParNew: 274761K->2108K(306688K), 0.0281900 secs] 278234K->5596K(1014528K), 0.0299840 secs] [Times: user=0.02 sys=0.01, real=0.03 secs] 
2016-11-10T19:58:16.400+0300: 522048.545: [GC2016-11-10T19:58:16.400+0300: 522048.545: [ParNew: 274748K->2392K(306688K), 0.0208220 secs] 278236K->5881K(1014528K), 0.0989980 secs] [Times: user=0.02 sys=0.01, real=0.10 secs] 
2016-11-10T21:20:46.561+0300: 526998.707: [GC2016-11-10T21:20:46.562+0300: 526998.707: [ParNew: 275032K->2091K(306688K), 0.0087710 secs] 278521K->5580K(1014528K), 0.0094190 secs] [Times: user=0.02 sys=0.00, real=0.01 secs] 
2016-11-10T22:43:12.921+0300: 531945.067: [GC2016-11-10T22:43:12.922+0300: 531945.067: [ParNew: 274731K->2210K(306688K), 0.0144620 secs] 278220K->5699K(1014528K), 0.0148170 secs] [Times: user=0.04 sys=0.01, real=0.01 secs] 
2016-11-11T00:05:18.389+0300: 536870.534: [GC2016-11-11T00:05:18.389+0300: 536870.534: [ParNew: 274850K->2295K(306688K), 0.0076040 secs] 278339K->5784K(1014528K), 0.0080390 secs] [Times: user=0.03 sys=0.00, real=0.00 secs] 
2016-11-11T01:27:48.276+0300: 541820.421: [GC2016-11-11T01:27:48.276+0300: 541820.421: [ParNew: 274935K->2179K(306688K), 0.0060890 secs] 278424K->5668K(1014528K), 0.0062490 secs] [Times: user=0.02 sys=0.00, real=0.01 secs] 
2016-11-11T02:50:22.882+0300: 546775.027: [GC2016-11-11T02:50:22.882+0300: 546775.027: [ParNew: 274819K->2055K(306688K), 0.0057850 secs] 278308K->5545K(1014528K), 0.0059080 secs] [Times: user=0.02 sys=0.00, real=0.01 secs] 
2016-11-11T04:12:37.805+0300: 551709.950: [GC2016-11-11T04:12:37.805+0300: 551709.950: [ParNew: 274695K->2499K(306688K), 0.0071230 secs] 278185K->5988K(1014528K), 0.0072560 secs] [Times: user=0.02 sys=0.00, real=0.01 secs] 
2016-11-11T05:35:14.433+0300: 556666.579: [GC2016-11-11T05:35:14.433+0300: 556666.579: [ParNew: 275139K->2588K(306688K), 0.0080520 secs] 278628K->6089K(1014528K), 0.0082420 secs] [Times: user=0.02 sys=0.00, real=0.01 secs] 
2016-11-11T06:57:47.882+0300: 561620.028: [GC2016-11-11T06:57:47.882+0300: 561620.028: [ParNew: 275228K->2651K(306688K), 0.0096650 secs] 278729K->6192K(1014528K), 0.0098060 secs] [Times: user=0.02 sys=0.00, real=0.01 secs] 
2016-11-11T08:19:56.282+0300: 566548.427: [GC2016-11-11T08:19:56.282+0300: 566548.427: [ParNew: 275291K->2535K(306688K), 0.0060820 secs] 278832K->6076K(1014528K), 0.0062330 secs] [Times: user=0.02 sys=0.00, real=0.01 secs] 
2016-11-11T09:42:29.428+0300: 571501.574: [GC2016-11-11T09:42:29.428+0300: 571501.574: [ParNew: 275175K->2052K(306688K), 0.0053680 secs] 278716K->5593K(1014528K), 0.0054740 secs] [Times: user=0.02 sys=0.00, real=0.00 secs] 
2016-11-11T11:04:30.164+0300: 576422.309: [GC2016-11-11T11:04:30.164+0300: 576422.309: [ParNew: 274692K->1938K(306688K), 0.0065570 secs] 278233K->5479K(1014528K), 0.0068460 secs] [Times: user=0.02 sys=0.00, real=0.01 secs] 
2016-11-11T12:27:11.282+0300: 581383.427: [GC2016-11-11T12:27:11.282+0300: 581383.427: [ParNew: 274578K->1914K(306688K), 0.0082990 secs] 278119K->5454K(1014528K), 0.0086060 secs] [Times: user=0.02 sys=0.00, real=0.01 secs] 
2016-11-11T13:49:51.430+0300: 586343.576: [GC2016-11-11T13:49:51.430+0300: 586343.576: [ParNew: 274554K->2427K(306688K), 0.0071040 secs] 278094K->5968K(1014528K), 0.0072710 secs] [Times: user=0.02 sys=0.00, real=0.01 secs] 
2016-11-11T15:11:56.279+0300: 591268.425: [GC2016-11-11T15:11:56.279+0300: 591268.425: [ParNew: 275067K->2696K(306688K), 0.0089250 secs] 278608K->6237K(1014528K), 0.0091120 secs] [Times: user=0.02 sys=0.01, real=0.01 secs] 
2016-11-11T16:34:21.281+0300: 596213.426: [GC2016-11-11T16:34:21.281+0300: 596213.427: [ParNew: 275336K->2260K(306688K), 0.0074790 secs] 278877K->5801K(1014528K), 0.0077960 secs] [Times: user=0.03 sys=0.00, real=0.01 secs] 
2016-11-11T17:56:55.998+0300: 601168.144: [GC2016-11-11T17:56:55.999+0300: 601168.144: [ParNew: 274900K->2167K(306688K), 0.0077720 secs] 278441K->5739K(1014528K), 0.0083110 secs] [Times: user=0.02 sys=0.01, real=0.00 secs] 
2016-11-11T19:19:11.281+0300: 606103.426: [GC2016-11-11T19:19:11.281+0300: 606103.426: [ParNew: 274807K->2287K(306688K), 0.0080310 secs] 278379K->5859K(1014528K), 0.0082360 secs] [Times: user=0.03 sys=0.00, real=0.01 secs] 
2016-11-11T20:41:41.402+0300: 611053.548: [GC2016-11-11T20:41:41.402+0300: 611053.548: [ParNew: 274927K->2376K(306688K), 0.0059330 secs] 278499K->5948K(1014528K), 0.0062460 secs] [Times: user=0.02 sys=0.00, real=0.01 secs] 
2016-11-11T22:03:46.281+0300: 615978.426: [GC2016-11-11T22:03:46.281+0300: 615978.426: [ParNew: 275016K->2018K(306688K), 0.0077390 secs] 278588K->5590K(1014528K), 0.0080730 secs] [Times: user=0.02 sys=0.00, real=0.01 secs] 
2016-11-11T23:26:11.379+0300: 620923.524: [GC2016-11-11T23:26:11.379+0300: 620923.525: [ParNew: 274658K->2478K(306688K), 0.0083200 secs] 278230K->6050K(1014528K), 0.0088920 secs] [Times: user=0.03 sys=0.00, real=0.01 secs] 
2016-11-12T00:48:52.918+0300: 625885.064: [GC2016-11-12T00:48:52.918+0300: 625885.064: [ParNew: 275118K->2358K(306688K), 0.0080380 secs] 278690K->5930K(1014528K), 0.0084010 secs] [Times: user=0.02 sys=0.00, real=0.01 secs] 
2016-11-12T02:10:47.995+0300: 630800.141: [GC2016-11-12T02:10:47.996+0300: 630800.141: [ParNew: 274998K->2333K(306688K), 0.0063120 secs] 278570K->5906K(1014528K), 0.0064840 secs] [Times: user=0.03 sys=0.00, real=0.01 secs] 
2016-11-12T03:33:16.280+0300: 635748.426: [GC2016-11-12T03:33:16.281+0300: 635748.426: [ParNew: 274973K->2502K(306688K), 0.0180080 secs] 278546K->6092K(1014528K), 0.0182400 secs] [Times: user=0.05 sys=0.00, real=0.02 secs] 
2016-11-12T04:56:00.885+0300: 640713.030: [GC2016-11-12T04:56:00.885+0300: 640713.030: [ParNew: 275142K->1583K(306688K), 0.0068610 secs] 278732K->5173K(1014528K), 0.0071190 secs] [Times: user=0.01 sys=0.00, real=0.01 secs] 
2016-11-12T06:18:00.887+0300: 645633.032: [GC2016-11-12T06:18:00.887+0300: 645633.032: [ParNew: 274223K->2298K(306688K), 0.0099850 secs] 277813K->5888K(1014528K), 0.0103190 secs] [Times: user=0.03 sys=0.00, real=0.01 secs] 
2016-11-12T07:40:36.286+0300: 650588.432: [GC2016-11-12T07:40:36.286+0300: 650588.432: [ParNew: 274938K->2520K(306688K), 0.0103060 secs] 278528K->6156K(1014528K), 0.0105550 secs] [Times: user=0.02 sys=0.00, real=0.01 secs] 
2016-11-12T09:02:22.601+0300: 655494.746: [GC2016-11-12T09:02:22.601+0300: 655494.747: [ParNew: 275160K->2590K(306688K), 0.0092350 secs] 278796K->6226K(1014528K), 0.0096610 secs] [Times: user=0.02 sys=0.01, real=0.01 secs] 
2016-11-12T10:24:57.201+0300: 660449.347: [GC2016-11-12T10:24:57.202+0300: 660449.347: [ParNew: 275230K->2416K(306688K), 0.0190860 secs] 278866K->6052K(1014528K), 0.0195150 secs] [Times: user=0.03 sys=0.00, real=0.02 secs] 
2016-11-12T11:47:31.281+0300: 665403.427: [GC2016-11-12T11:47:31.282+0300: 665403.427: [ParNew: 275056K->2073K(306688K), 0.0057480 secs] 278692K->5709K(1014528K), 0.0061700 secs] [Times: user=0.02 sys=0.00, real=0.01 secs] 
2016-11-12T13:09:31.306+0300: 670323.451: [GC2016-11-12T13:09:31.306+0300: 670323.452: [ParNew: 274713K->1952K(306688K), 0.1654550 secs] 278349K->5587K(1014528K), 0.1661390 secs] [Times: user=0.03 sys=0.00, real=0.17 secs] 
2016-11-12T14:32:06.311+0300: 675278.457: [GC2016-11-12T14:32:06.313+0300: 675278.458: [ParNew: 274592K->2510K(306688K), 0.0641360 secs] 278227K->6146K(1014528K), 0.0655950 secs] [Times: user=0.03 sys=0.00, real=0.07 secs] 
2016-11-12T15:54:46.303+0300: 680238.448: [GC2016-11-12T15:54:46.303+0300: 680238.449: [ParNew: 275150K->2458K(306688K), 0.0176510 secs] 278786K->6094K(1014528K), 0.0187180 secs] [Times: user=0.03 sys=0.00, real=0.02 secs] 
2016-11-12T17:16:43.237+0300: 685155.382: [GC2016-11-12T17:16:43.237+0300: 685155.383: [ParNew: 275098K->2564K(306688K), 0.0309070 secs] 278734K->6200K(1014528K), 0.0317390 secs] [Times: user=0.04 sys=0.00, real=0.03 secs] 
2016-11-12T18:39:11.284+0300: 690103.430: [GC2016-11-12T18:39:11.325+0300: 690103.471: [ParNew: 275204K->2356K(306688K), 0.0144780 secs] 278840K->6010K(1014528K), 0.0555990 secs] [Times: user=0.02 sys=0.00, real=0.06 secs] 
2016-11-12T20:01:26.288+0300: 695038.433: [GC2016-11-12T20:01:26.288+0300: 695038.434: [ParNew: 274996K->2304K(306688K), 0.0228530 secs] 278650K->5958K(1014528K), 0.0235250 secs] [Times: user=0.03 sys=0.00, real=0.02 secs] 
2016-11-12T21:24:11.285+0300: 700003.431: [GC2016-11-12T21:24:11.286+0300: 700003.432: [ParNew: 274944K->2081K(306688K), 0.0306810 secs] 278598K->5736K(1014528K), 0.0318350 secs] [Times: user=0.02 sys=0.00, real=0.03 secs] 
2016-11-12T22:46:48.701+0300: 704960.846: [GC2016-11-12T22:46:48.701+0300: 704960.847: [ParNew: 274721K->2282K(306688K), 0.0303650 secs] 278376K->5936K(1014528K), 0.0311290 secs] [Times: user=0.02 sys=0.00, real=0.03 secs] 
2016-11-13T00:09:00.890+0300: 709893.036: [GC2016-11-13T00:09:00.891+0300: 709893.036: [ParNew: 274922K->1805K(306688K), 0.0081310 secs] 278576K->5460K(1014528K), 0.0091730 secs] [Times: user=0.01 sys=0.01, real=0.01 secs] 
2016-11-13T01:31:31.609+0300: 714843.755: [GC2016-11-13T01:31:31.611+0300: 714843.756: [ParNew: 274445K->2805K(306688K), 0.1702210 secs] 278100K->6459K(1014528K), 0.1719990 secs] [Times: user=0.03 sys=0.01, real=0.17 secs] 
2016-11-13T02:54:18.676+0300: 719810.822: [GC2016-11-13T02:54:18.677+0300: 719810.823: [ParNew: 275445K->2571K(306688K), 0.6514690 secs] 279099K->6225K(1014528K), 0.6524350 secs] [Times: user=0.02 sys=0.01, real=0.65 secs] 
2016-11-13T04:16:32.834+0300: 724744.980: [GC2016-11-13T04:16:32.835+0300: 724744.980: [ParNew: 275211K->2665K(306688K), 0.0388070 secs] 278865K->6319K(1014528K), 0.0396880 secs] [Times: user=0.02 sys=0.01, real=0.04 secs] 
2016-11-13T05:39:11.285+0300: 729703.431: [GC2016-11-13T05:39:11.286+0300: 729703.431: [ParNew: 275305K->2177K(306688K), 0.0140960 secs] 278959K->5831K(1014528K), 0.0149920 secs] [Times: user=0.02 sys=0.00, real=0.02 secs] 
2016-11-13T07:01:11.366+0300: 734623.512: [GC2016-11-13T07:01:11.367+0300: 734623.512: [ParNew: 274817K->2122K(306688K), 0.0114590 secs] 278471K->5805K(1014528K), 0.0125400 secs] [Times: user=0.02 sys=0.00, real=0.02 secs] 
2016-11-13T08:23:11.372+0300: 739543.517: [GC2016-11-13T08:23:11.373+0300: 739543.518: [ParNew: 274758K->1941K(306688K), 0.1097140 secs] 278441K->5624K(1014528K), 0.1109160 secs] [Times: user=0.03 sys=0.00, real=0.11 secs] 
2016-11-13T09:45:26.534+0300: 744478.679: [GC2016-11-13T09:45:26.535+0300: 744478.680: [ParNew: 274581K->2708K(306688K), 0.1413650 secs] 278264K->6391K(1014528K), 0.1426040 secs] [Times: user=0.03 sys=0.00, real=0.15 secs] 
2016-11-13T11:07:31.380+0300: 749403.526: [GC2016-11-13T11:07:31.381+0300: 749403.526: [ParNew: 275348K->2113K(306688K), 0.0913220 secs] 279031K->5796K(1014528K), 0.0926080 secs] [Times: user=0.02 sys=0.01, real=0.09 secs] 
2016-11-13T12:29:37.944+0300: 754330.090: [GC2016-11-13T12:29:37.944+0300: 754330.090: [ParNew: 274753K->2569K(306688K), 0.0296840 secs] 278436K->6252K(1014528K), 0.0306630 secs] [Times: user=0.02 sys=0.00, real=0.03 secs] 
2016-11-13T13:51:36.390+0300: 759248.535: [GC2016-11-13T13:51:36.390+0300: 759248.535: [ParNew: 275209K->2016K(306688K), 0.1149190 secs] 278892K->5699K(1014528K), 0.1155320 secs] [Times: user=0.02 sys=0.00, real=0.12 secs] 
2016-11-13T15:13:29.772+0300: 764161.917: [GC2016-11-13T15:13:29.772+0300: 764161.918: [ParNew: 274656K->2075K(306688K), 0.0073590 secs] 278339K->5759K(1014528K), 0.0078430 secs] [Times: user=0.02 sys=0.00, real=0.01 secs] 
2016-11-13T16:35:53.364+0300: 769105.510: [GC2016-11-13T16:35:53.365+0300: 769105.510: [ParNew: 274715K->2068K(306688K), 0.0124810 secs] 278399K->5751K(1014528K), 0.0128040 secs] [Times: user=0.02 sys=0.00, real=0.02 secs] 
2016-11-13T17:58:00.942+0300: 774033.088: [GC2016-11-13T17:58:00.943+0300: 774033.089: [ParNew: 274708K->2562K(306688K), 0.0111750 secs] 278391K->6257K(1014528K), 0.0124120 secs] [Times: user=0.03 sys=0.00, real=0.01 secs] 
2016-11-13T19:19:51.460+0300: 778943.605: [GC2016-11-13T19:19:51.460+0300: 778943.606: [ParNew: 275202K->3038K(306688K), 0.0228930 secs] 278897K->6733K(1014528K), 0.0235440 secs] [Times: user=0.03 sys=0.00, real=0.02 secs] 
2016-11-13T20:42:16.290+0300: 783888.435: [GC2016-11-13T20:42:16.290+0300: 783888.435: [ParNew: 275678K->2506K(306688K), 0.0231600 secs] 279373K->6201K(1014528K), 0.0237320 secs] [Times: user=0.05 sys=0.00, real=0.02 secs] 
2016-11-13T22:04:11.282+0300: 788803.427: [GC2016-11-13T22:04:11.282+0300: 788803.428: [ParNew: 275146K->2337K(306688K), 0.0083760 secs] 278841K->6033K(1014528K), 0.0089610 secs] [Times: user=0.02 sys=0.00, real=0.01 secs] 
2016-11-13T23:26:36.284+0300: 793748.429: [GC2016-11-13T23:26:36.284+0300: 793748.429: [ParNew: 274977K->1842K(306688K), 0.0101930 secs] 278673K->5537K(1014528K), 0.0104350 secs] [Times: user=0.02 sys=0.00, real=0.01 secs] 
2016-11-14T00:48:51.288+0300: 798683.433: [GC2016-11-14T00:48:51.288+0300: 798683.433: [ParNew: 274482K->2073K(306688K), 0.0099820 secs] 278177K->5769K(1014528K), 0.0102890 secs] [Times: user=0.02 sys=0.00, real=0.01 secs] 
2016-11-14T02:10:26.285+0300: 803578.430: [GC2016-11-14T02:10:26.285+0300: 803578.431: [ParNew: 274713K->2588K(306688K), 0.0105230 secs] 278409K->6283K(1014528K), 0.0109920 secs] [Times: user=0.02 sys=0.00, real=0.01 secs] 
2016-11-14T03:32:41.286+0300: 808513.432: [GC2016-11-14T03:32:41.287+0300: 808513.432: [ParNew: 275228K->2605K(306688K), 0.0066570 secs] 278923K->6301K(1014528K), 0.0070000 secs] [Times: user=0.02 sys=0.00, real=0.00 secs] 
2016-11-14T04:54:56.280+0300: 813448.425: [GC2016-11-14T04:54:56.281+0300: 813448.426: [ParNew: 275245K->2482K(306688K), 0.0061280 secs] 278941K->6177K(1014528K), 0.0067980 secs] [Times: user=0.02 sys=0.00, real=0.01 secs] 
2016-11-14T06:16:41.283+0300: 818353.429: [GC2016-11-14T06:16:41.283+0300: 818353.429: [ParNew: 275122K->1554K(306688K), 0.0062600 secs] 278817K->5284K(1014528K), 0.0065270 secs] [Times: user=0.02 sys=0.00, real=0.01 secs] 
2016-11-14T07:38:56.282+0300: 823288.428: [GC2016-11-14T07:38:56.283+0300: 823288.429: [ParNew: 274194K->1881K(306688K), 0.0059060 secs] 277924K->5611K(1014528K), 0.0067680 secs] [Times: user=0.02 sys=0.00, real=0.01 secs] 
2016-11-14T09:00:51.283+0300: 828203.428: [GC2016-11-14T09:00:51.283+0300: 828203.428: [ParNew: 274521K->2666K(306688K), 0.0077160 secs] 278251K->6396K(1014528K), 0.0079950 secs] [Times: user=0.02 sys=0.00, real=0.01 secs] 
2016-11-14T10:23:01.281+0300: 833133.426: [GC2016-11-14T10:23:01.281+0300: 833133.427: [ParNew: 275306K->2499K(306688K), 0.0064980 secs] 279036K->6229K(1014528K), 0.0068770 secs] [Times: user=0.02 sys=0.00, real=0.01 secs] 
2016-11-14T11:45:11.285+0300: 838063.431: [GC2016-11-14T11:45:11.286+0300: 838063.432: [ParNew: 275139K->2117K(306688K), 0.0091090 secs] 278869K->5847K(1014528K), 0.0107160 secs] [Times: user=0.03 sys=0.00, real=0.01 secs] 
2016-11-14T13:07:06.323+0300: 842978.468: [GC2016-11-14T13:07:06.324+0300: 842978.469: [ParNew: 274757K->2267K(306688K), 0.0179490 secs] 278487K->5997K(1014528K), 0.0192010 secs] [Times: user=0.02 sys=0.00, real=0.02 secs] 
2016-11-14T14:29:12.921+0300: 847905.066: [GC2016-11-14T14:29:12.921+0300: 847905.066: [ParNew: 274907K->1777K(306688K), 0.0270540 secs] 278637K->5507K(1014528K), 0.0278900 secs] [Times: user=0.03 sys=0.00, real=0.03 secs] 
2016-11-14T15:51:26.344+0300: 852838.490: [GC2016-11-14T15:51:26.345+0300: 852838.491: [ParNew: 274417K->1971K(306688K), 0.0436760 secs] 278147K->5701K(1014528K), 0.0448540 secs] [Times: user=0.03 sys=0.00, real=0.05 secs] 
2016-11-14T17:13:16.540+0300: 857748.686: [GC2016-11-14T17:13:16.541+0300: 857748.686: [ParNew: 274611K->2440K(306688K), 0.1042710 secs] 278341K->6170K(1014528K), 0.1050100 secs] [Times: user=0.01 sys=0.01, real=0.11 secs] 
2016-11-14T18:35:51.007+0300: 862703.153: [GC2016-11-14T18:35:51.084+0300: 862703.229: [ParNew: 275080K->2565K(306688K), 0.0243020 secs] 278810K->6309K(1014528K), 0.1009530 secs] [Times: user=0.03 sys=0.00, real=0.11 secs] 
2016-11-14T19:57:56.288+0300: 867628.433: [GC2016-11-14T19:57:56.288+0300: 867628.433: [ParNew: 275205K->3185K(306688K), 0.0135900 secs] 278949K->6928K(1014528K), 0.0139210 secs] [Times: user=0.02 sys=0.00, real=0.01 secs] 
2016-11-14T21:20:06.295+0300: 872558.440: [GC2016-11-14T21:20:06.295+0300: 872558.441: [ParNew: 275825K->2378K(306688K), 0.0095580 secs] 279568K->6121K(1014528K), 0.0098910 secs] [Times: user=0.02 sys=0.00, real=0.01 secs] 
2016-11-14T22:42:37.823+0300: 877509.969: [GC2016-11-14T22:42:37.833+0300: 877509.978: [ParNew: 275018K->2426K(306688K), 0.0070480 secs] 278761K->6169K(1014528K), 0.0168770 secs] [Times: user=0.02 sys=0.00, real=0.02 secs] 
2016-11-15T00:04:41.406+0300: 882433.551: [GC2016-11-15T00:04:41.406+0300: 882433.551: [ParNew: 275066K->2030K(306688K), 0.1095500 secs] 278809K->5774K(1014528K), 0.1100750 secs] [Times: user=0.04 sys=0.00, real=0.11 secs] 
2016-11-15T01:27:02.525+0300: 887374.671: [GC2016-11-15T01:27:02.526+0300: 887374.672: [ParNew: 274670K->1828K(306688K), 0.0205480 secs] 278414K->5572K(1014528K), 0.0215410 secs] [Times: user=0.03 sys=0.00, real=0.02 secs] 
2016-11-15T02:49:26.859+0300: 892319.005: [GC2016-11-15T02:49:26.860+0300: 892319.005: [ParNew: 274468K->2314K(306688K), 0.0179970 secs] 278212K->6058K(1014528K), 0.0188170 secs] [Times: user=0.02 sys=0.00, real=0.02 secs] 
2016-11-15T04:11:07.826+0300: 897219.971: [GC2016-11-15T04:11:07.827+0300: 897219.972: [ParNew: 274954K->2111K(306688K), 0.0266530 secs] 278698K->5855K(1014528K), 0.0275220 secs] [Times: user=0.02 sys=0.00, real=0.03 secs] 
2016-11-15T05:33:26.305+0300: 902158.451: [GC2016-11-15T05:33:26.306+0300: 902158.452: [ParNew: 274751K->2493K(306688K), 0.0391690 secs] 278495K->6237K(1014528K), 0.0404800 secs] [Times: user=0.02 sys=0.01, real=0.04 secs] 
2016-11-15T06:55:51.291+0300: 907103.436: [GC2016-11-15T06:55:51.291+0300: 907103.437: [ParNew: 275133K->2050K(306688K), 0.0179130 secs] 278877K->5794K(1014528K), 0.0186210 secs] [Times: user=0.02 sys=0.00, real=0.02 secs] 
2016-11-15T08:17:41.304+0300: 912013.450: [GC2016-11-15T08:17:41.305+0300: 912013.450: [ParNew: 274690K->2288K(306688K), 0.0092010 secs] 278434K->6061K(1014528K), 0.0102960 secs] [Times: user=0.02 sys=0.00, real=0.01 secs] 
2016-11-15T09:40:11.293+0300: 916963.438: [GC2016-11-15T09:40:11.343+0300: 916963.488: [ParNew: 274928K->1799K(306688K), 0.0128590 secs] 278701K->5572K(1014528K), 0.0626340 secs] [Times: user=0.02 sys=0.00, real=0.07 secs] 
2016-11-15T11:02:01.048+0300: 921873.193: [GC2016-11-15T11:02:01.048+0300: 921873.193: [ParNew: 274439K->2308K(306688K), 0.0224630 secs] 278212K->6081K(1014528K), 0.0232880 secs] [Times: user=0.02 sys=0.01, real=0.02 secs] 
2016-11-15T12:24:01.296+0300: 926793.442: [GC2016-11-15T12:24:01.297+0300: 926793.442: [ParNew: 274948K->2128K(306688K), 0.0117970 secs] 278721K->5901K(1014528K), 0.0128460 secs] [Times: user=0.02 sys=0.00, real=0.02 secs] 
2016-11-15T13:46:16.499+0300: 931728.645: [GC2016-11-15T13:46:16.500+0300: 931728.646: [ParNew: 274768K->2039K(306688K), 0.0542330 secs] 278541K->5811K(1014528K), 0.0552770 secs] [Times: user=0.02 sys=0.00, real=0.05 secs] 
2016-11-15T15:07:56.315+0300: 936628.461: [GC2016-11-15T15:07:56.404+0300: 936628.550: [ParNew: 274679K->2347K(306688K), 0.0458470 secs] 278451K->6120K(1014528K), 0.1352980 secs] [Times: user=0.03 sys=0.01, real=0.14 secs] 
2016-11-15T16:30:06.479+0300: 941558.626: [GC2016-11-15T16:30:06.482+0300: 941558.627: [ParNew: 274987K->2483K(306688K), 0.3038080 secs] 278760K->6256K(1014528K), 0.3095730 secs] [Times: user=0.04 sys=0.04, real=0.31 secs] 
2016-11-15T17:52:36.388+0300: 946508.533: [GC2016-11-15T17:52:36.388+0300: 946508.534: [ParNew: 275123K->2371K(306688K), 0.1238630 secs] 278896K->6155K(1014528K), 0.1247650 secs] [Times: user=0.03 sys=0.00, real=0.12 secs] 
2016-11-15T19:14:21.299+0300: 951413.445: [GC2016-11-15T19:14:21.300+0300: 951413.445: [ParNew: 275011K->1855K(306688K), 0.1334590 secs] 278795K->5639K(1014528K), 0.1348620 secs] [Times: user=0.04 sys=0.00, real=0.13 secs] 
2016-11-15T20:36:45.405+0300: 956357.550: [GC2016-11-15T20:36:45.406+0300: 956357.551: [ParNew: 274495K->2347K(306688K), 0.0352310 secs] 278279K->6131K(1014528K), 0.0363510 secs] [Times: user=0.03 sys=0.00, real=0.03 secs] 
2016-11-15T21:58:41.028+0300: 961273.338: [GC2016-11-15T21:58:41.193+0300: 961273.339: [ParNew: 274987K->2330K(306688K), 0.0110090 secs] 278771K->6115K(1014528K), 0.1768650 secs] [Times: user=0.02 sys=0.00, real=0.18 secs] 
2016-11-15T23:20:56.294+0300: 966208.439: [GC2016-11-15T23:20:56.294+0300: 966208.440: [ParNew: 274970K->2498K(306688K), 0.0173780 secs] 278755K->6283K(1014528K), 0.0182650 secs] [Times: user=0.02 sys=0.00, real=0.02 secs] 
2016-11-16T00:43:03.252+0300: 971135.397: [GC2016-11-16T00:43:03.253+0300: 971135.398: [ParNew: 275138K->2441K(306688K), 0.0126300 secs] 278923K->6225K(1014528K), 0.0134830 secs] [Times: user=0.03 sys=0.00, real=0.01 secs] 
2016-11-16T02:04:58.381+0300: 976050.526: [GC2016-11-16T02:04:58.437+0300: 976050.582: [ParNew: 275081K->1959K(306688K), 0.0109550 secs] 278865K->5743K(1014528K), 0.0667730 secs] [Times: user=0.02 sys=0.01, real=0.07 secs] 
2016-11-16T03:27:21.642+0300: 980993.788: [GC2016-11-16T03:27:21.643+0300: 980993.789: [ParNew: 274599K->1902K(306688K), 0.0154710 secs] 278383K->5686K(1014528K), 0.0166140 secs] [Times: user=0.01 sys=0.01, real=0.02 secs] 
2016-11-16T04:49:41.315+0300: 985933.461: [GC2016-11-16T04:49:41.316+0300: 985933.462: [ParNew: 274542K->2421K(306688K), 0.0174700 secs] 278326K->6247K(1014528K), 0.0189930 secs] [Times: user=0.03 sys=0.01, real=0.02 secs] 
2016-11-16T06:11:11.447+0300: 990823.592: [GC2016-11-16T06:11:11.447+0300: 990823.592: [ParNew: 275061K->2542K(306688K), 0.0103080 secs] 278887K->6371K(1014528K), 0.0107520 secs] [Times: user=0.02 sys=0.00, real=0.01 secs] 
2016-11-16T07:33:30.602+0300: 995762.748: [GC2016-11-16T07:33:31.051+0300: 995763.197: [ParNew: 275182K->2526K(306688K), 0.2301060 secs] 279011K->6355K(1014528K), 0.6794040 secs] [Times: user=0.03 sys=0.00, real=0.68 secs] 
2016-11-16T08:55:49.690+0300: 1000701.836: [GC2016-11-16T08:55:49.691+0300: 1000701.837: [ParNew: 275166K->2366K(306688K), 0.0185990 secs] 278995K->6195K(1014528K), 0.0202300 secs] [Times: user=0.01 sys=0.01, real=0.02 secs] 
2016-11-16T10:17:26.452+0300: 1005598.598: [GC2016-11-16T10:17:26.453+0300: 1005598.598: [ParNew: 275006K->2218K(306688K), 0.2101050 secs] 278835K->6047K(1014528K), 0.2107940 secs] [Times: user=0.03 sys=0.00, real=0.21 secs] 
2016-11-16T11:40:00.900+0300: 1010553.045: [GC2016-11-16T11:40:00.910+0300: 1010553.055: [ParNew: 274858K->1550K(306688K), 0.0073680 secs] 278687K->5379K(1014528K), 0.0171670 secs] [Times: user=0.03 sys=0.00, real=0.02 secs] 
2016-11-16T13:02:01.286+0300: 1015473.431: [GC2016-11-16T13:02:01.380+0300: 1015473.526: [ParNew: 274190K->1968K(306688K), 0.0085540 secs] 278019K->5798K(1014528K), 0.1031700 secs] [Times: user=0.03 sys=0.00, real=0.10 secs] 
2016-11-16T14:24:11.291+0300: 1020403.436: [GC2016-11-16T14:24:11.389+0300: 1020403.534: [ParNew: 274608K->2013K(306688K), 0.0121350 secs] 278438K->5842K(1014528K), 0.1103790 secs] [Times: user=0.02 sys=0.00, real=0.11 secs] 
2016-11-16T15:46:26.283+0300: 1025338.428: [GC2016-11-16T15:46:26.321+0300: 1025338.466: [ParNew: 274653K->2118K(306688K), 0.0081490 secs] 278482K->5947K(1014528K), 0.0459150 secs] [Times: user=0.02 sys=0.01, real=0.05 secs] 
2016-11-16T17:08:21.294+0300: 1030253.440: [GC2016-11-16T17:08:21.294+0300: 1030253.440: [ParNew: 274758K->2318K(306688K), 0.0094080 secs] 278587K->6147K(1014528K), 0.0097050 secs] [Times: user=0.02 sys=0.00, real=0.01 secs] 
2016-11-16T18:30:41.009+0300: 1035193.155: [GC2016-11-16T18:30:41.009+0300: 1035193.155: [ParNew: 274958K->2224K(306688K), 0.0094940 secs] 278787K->6053K(1014528K), 0.0098540 secs] [Times: user=0.03 sys=0.00, real=0.01 secs] 
2016-11-16T19:53:01.285+0300: 1040133.430: [GC2016-11-16T19:53:01.310+0300: 1040133.456: [ParNew: 274864K->2391K(306688K), 0.0110610 secs] 278693K->6220K(1014528K), 0.0364740 secs] [Times: user=0.02 sys=0.00, real=0.04 secs] 
2016-11-16T21:14:44.113+0300: 1045036.258: [GC2016-11-16T21:14:44.113+0300: 1045036.258: [ParNew: 275031K->2201K(306688K), 0.0067180 secs] 278860K->6048K(1014528K), 0.0071340 secs] [Times: user=0.02 sys=0.00, real=0.01 secs] 
2016-11-16T22:37:13.260+0300: 1049985.405: [GC2016-11-16T22:37:13.266+0300: 1049985.411: [ParNew: 274841K->1553K(306688K), 0.0059420 secs] 278688K->5400K(1014528K), 0.0119430 secs] [Times: user=0.02 sys=0.00, real=0.01 secs] 
2016-11-16T23:58:49.551+0300: 1054881.697: [GC2016-11-16T23:58:49.552+0300: 1054881.697: [ParNew: 274193K->2657K(306688K), 0.0234250 secs] 278040K->6504K(1014528K), 0.0237810 secs] [Times: user=0.03 sys=0.00, real=0.03 secs] 
2016-11-17T01:21:03.240+0300: 1059815.386: [GC2016-11-17T01:21:03.240+0300: 1059815.386: [ParNew: 275297K->2403K(306688K), 0.0069450 secs] 279144K->6250K(1014528K), 0.0072650 secs] [Times: user=0.02 sys=0.00, real=0.00 secs] 
2016-11-17T02:43:21.284+0300: 1064753.429: [GC2016-11-17T02:43:21.284+0300: 1064753.429: [ParNew: 275043K->2450K(306688K), 0.0064730 secs] 278890K->6298K(1014528K), 0.0066870 secs] [Times: user=0.01 sys=0.00, real=0.01 secs] 
2016-11-17T04:05:00.891+0300: 1069653.037: [GC2016-11-17T04:05:00.892+0300: 1069653.037: [ParNew: 275090K->2009K(306688K), 0.0056370 secs] 278938K->5860K(1014528K), 0.0058960 secs] [Times: user=0.02 sys=0.00, real=0.01 secs] 
2016-11-17T05:27:11.294+0300: 1074583.440: [GC2016-11-17T05:27:11.294+0300: 1074583.440: [ParNew: 274649K->2183K(306688K), 0.0057100 secs] 278500K->6034K(1014528K), 0.0059980 secs] [Times: user=0.02 sys=0.00, real=0.01 secs] 
2016-11-17T06:49:46.284+0300: 1079538.429: [GC2016-11-17T06:49:46.284+0300: 1079538.430: [ParNew: 274823K->1729K(306688K), 0.0063880 secs] 278674K->5580K(1014528K), 0.0066660 secs] [Times: user=0.02 sys=0.00, real=0.01 secs] 
2016-11-17T08:11:21.376+0300: 1084433.521: [GC2016-11-17T08:11:21.583+0300: 1084433.728: [ParNew: 274369K->2172K(306688K), 0.1077170 secs] 278220K->6023K(1014528K), 0.3147740 secs] [Times: user=0.02 sys=0.01, real=0.31 secs] 
2016-11-17T09:33:23.259+0300: 1089355.405: [GC2016-11-17T09:33:23.260+0300: 1089355.405: [ParNew: 274812K->2414K(306688K), 0.0156340 secs] 278663K->6266K(1014528K), 0.0171380 secs] [Times: user=0.04 sys=0.00, real=0.02 secs] 
2016-11-17T10:55:36.288+0300: 1094288.434: [GC2016-11-17T10:55:36.288+0300: 1094288.434: [ParNew: 275054K->2419K(306688K), 0.0091200 secs] 278906K->6270K(1014528K), 0.0094680 secs] [Times: user=0.02 sys=0.00, real=0.00 secs] 
2016-11-17T12:17:36.285+0300: 1099208.431: [GC2016-11-17T12:17:36.286+0300: 1099208.431: [ParNew: 275059K->2333K(306688K), 0.0067560 secs] 278910K->6184K(1014528K), 0.0070930 secs] [Times: user=0.02 sys=0.00, real=0.01 secs] 
2016-11-17T13:40:03.232+0300: 1104155.378: [GC2016-11-17T13:40:03.233+0300: 1104155.378: [ParNew: 274973K->2278K(306688K), 0.0113680 secs] 278824K->6129K(1014528K), 0.0119150 secs] [Times: user=0.03 sys=0.01, real=0.01 secs] 
2016-11-17T15:02:01.284+0300: 1109073.429: [GC2016-11-17T15:02:01.284+0300: 1109073.429: [ParNew: 274918K->1950K(306688K), 0.0067560 secs] 278769K->5801K(1014528K), 0.0070830 secs] [Times: user=0.02 sys=0.01, real=0.01 secs] 
2016-11-17T16:24:16.304+0300: 1114008.449: [GC2016-11-17T16:24:16.304+0300: 1114008.450: [ParNew: 274590K->1912K(306688K), 0.0156230 secs] 278441K->5764K(1014528K), 0.0160740 secs] [Times: user=0.04 sys=0.00, real=0.02 secs] 
2016-11-17T17:46:41.299+0300: 1118953.445: [GC2016-11-17T17:46:41.300+0300: 1118953.445: [ParNew: 274552K->2100K(306688K), 0.0129130 secs] 278404K->5951K(1014528K), 0.0134700 secs] [Times: user=0.02 sys=0.00, real=0.01 secs] 
2016-11-17T19:08:10.821+0300: 1123842.966: [GC2016-11-17T19:08:10.821+0300: 1123842.966: [ParNew: 274740K->2343K(306688K), 0.0061520 secs] 278591K->6195K(1014528K), 0.0064320 secs] [Times: user=0.03 sys=0.00, real=0.01 secs] 
2016-11-17T20:30:31.294+0300: 1128783.440: [GC2016-11-17T20:30:31.295+0300: 1128783.440: [ParNew: 274983K->2561K(306688K), 0.0099910 secs] 278835K->6413K(1014528K), 0.0108860 secs] [Times: user=0.03 sys=0.00, real=0.01 secs] 
2016-11-17T21:52:56.281+0300: 1133728.427: [GC2016-11-17T21:52:56.282+0300: 1133728.427: [ParNew: 275201K->2530K(306688K), 0.0069670 secs] 279053K->6383K(1014528K), 0.0073860 secs] [Times: user=0.02 sys=0.00, real=0.01 secs] 
2016-11-17T23:14:51.284+0300: 1138643.429: [GC2016-11-17T23:14:51.284+0300: 1138643.430: [ParNew: 275170K->2388K(306688K), 0.0065830 secs] 279023K->6241K(1014528K), 0.0068680 secs] [Times: user=0.02 sys=0.00, real=0.01 secs] 
2016-11-18T00:37:21.286+0300: 1143593.432: [GC2016-11-18T00:37:21.287+0300: 1143593.432: [ParNew: 275028K->2238K(306688K), 0.0065560 secs] 278881K->6091K(1014528K), 0.0069020 secs] [Times: user=0.02 sys=0.00, real=0.00 secs] 
2016-11-18T01:59:06.286+0300: 1148498.431: [GC2016-11-18T01:59:06.286+0300: 1148498.431: [ParNew: 274878K->1783K(306688K), 0.0064560 secs] 278731K->5636K(1014528K), 0.0066630 secs] [Times: user=0.02 sys=0.00, real=0.00 secs] 
2016-11-18T03:21:26.287+0300: 1153438.432: [GC2016-11-18T03:21:26.287+0300: 1153438.432: [ParNew: 274423K->2431K(306688K), 0.0066280 secs] 278276K->6288K(1014528K), 0.0069580 secs] [Times: user=0.02 sys=0.00, real=0.00 secs] 
2016-11-18T04:43:51.281+0300: 1158383.427: [GC2016-11-18T04:43:51.282+0300: 1158383.427: [ParNew: 275071K->2518K(306688K), 0.0074860 secs] 278928K->6375K(1014528K), 0.0077490 secs] [Times: user=0.01 sys=0.01, real=0.01 secs] 
2016-11-18T06:05:51.283+0300: 1163303.428: [GC2016-11-18T06:05:51.283+0300: 1163303.429: [ParNew: 275158K->2578K(306688K), 0.0079470 secs] 279015K->6435K(1014528K), 0.0082400 secs] [Times: user=0.03 sys=0.00, real=0.01 secs] 
2016-11-18T07:28:06.292+0300: 1168238.437: [GC2016-11-18T07:28:06.292+0300: 1168238.438: [ParNew: 275218K->2085K(306688K), 0.0071150 secs] 279075K->5942K(1014528K), 0.0074400 secs] [Times: user=0.03 sys=0.00, real=0.01 secs] 
2016-11-18T08:50:46.293+0300: 1173198.439: [GC2016-11-18T08:50:46.294+0300: 1173198.440: [ParNew: 274725K->2301K(306688K), 0.0229820 secs] 278582K->6158K(1014528K), 0.0244550 secs] [Times: user=0.02 sys=0.00, real=0.03 secs] 
2016-11-18T10:12:30.258+0300: 1178102.403: [GC2016-11-18T10:12:30.258+0300: 1178102.403: [ParNew: 274941K->2156K(306688K), 0.0073530 secs] 278798K->6013K(1014528K), 0.0076430 secs] [Times: user=0.02 sys=0.00, real=0.00 secs] 
2016-11-18T11:34:36.283+0300: 1183028.428: [GC2016-11-18T11:34:36.283+0300: 1183028.429: [ParNew: 274796K->2437K(306688K), 0.0066510 secs] 278653K->6294K(1014528K), 0.0069550 secs] [Times: user=0.02 sys=0.01, real=0.01 secs] 
2016-11-18T12:57:06.283+0300: 1187978.429: [GC2016-11-18T12:57:06.283+0300: 1187978.429: [ParNew: 275077K->2452K(306688K), 0.0061460 secs] 278934K->6309K(1014528K), 0.0064140 secs] [Times: user=0.02 sys=0.00, real=0.01 secs] 
2016-11-18T14:18:56.000+0300: 1192888.146: [GC2016-11-18T14:18:56.098+0300: 1192888.244: [ParNew: 275092K->2232K(306688K), 0.0096790 secs] 278949K->6089K(1014528K), 0.1074830 secs] [Times: user=0.02 sys=0.00, real=0.11 secs] 
2016-11-18T15:41:31.318+0300: 1197843.464: [GC2016-11-18T15:41:31.319+0300: 1197843.464: [ParNew: 274872K->2333K(306688K), 0.0081160 secs] 278729K->6191K(1014528K), 0.0087030 secs] [Times: user=0.03 sys=0.00, real=0.00 secs] 
2016-11-18T17:03:13.532+0300: 1202745.677: [GC2016-11-18T17:03:13.532+0300: 1202745.677: [ParNew: 274973K->1671K(306688K), 0.0053520 secs] 278831K->5529K(1014528K), 0.0056060 secs] [Times: user=0.02 sys=0.00, real=0.01 secs] 
2016-11-18T18:25:26.285+0300: 1207678.430: [GC2016-11-18T18:25:26.285+0300: 1207678.430: [ParNew: 274311K->2304K(306688K), 0.0069040 secs] 278169K->6161K(1014528K), 0.0071910 secs] [Times: user=0.02 sys=0.00, real=0.01 secs] 
2016-11-18T19:47:41.282+0300: 1212613.428: [GC2016-11-18T19:47:41.282+0300: 1212613.428: [ParNew: 274944K->2551K(306688K), 0.0080420 secs] 278801K->6409K(1014528K), 0.0083930 secs] [Times: user=0.03 sys=0.00, real=0.01 secs] 
2016-11-18T21:09:25.372+0300: 1217517.518: [GC2016-11-18T21:09:25.373+0300: 1217517.518: [ParNew: 275191K->2619K(306688K), 0.0104680 secs] 279049K->6477K(1014528K), 0.0107580 secs] [Times: user=0.02 sys=0.00, real=0.01 secs] 
2016-11-18T22:31:56.280+0300: 1222468.425: [GC2016-11-18T22:31:56.280+0300: 1222468.425: [ParNew: 275259K->2773K(306688K), 0.0095680 secs] 279117K->6632K(1014528K), 0.0098180 secs] [Times: user=0.02 sys=0.00, real=0.01 secs] 
2016-11-18T23:54:26.281+0300: 1227418.427: [GC2016-11-18T23:54:26.282+0300: 1227418.427: [ParNew: 275413K->2727K(306688K), 0.0103820 secs] 279272K->6586K(1014528K), 0.0105950 secs] [Times: user=0.03 sys=0.00, real=0.01 secs] 
2016-11-19T01:16:06.279+0300: 1232318.424: [GC2016-11-19T01:16:06.279+0300: 1232318.425: [ParNew: 275367K->2639K(306688K), 0.0066010 secs] 279226K->6498K(1014528K), 0.0067990 secs] [Times: user=0.02 sys=0.00, real=0.00 secs] 
2016-11-19T02:38:31.278+0300: 1237263.423: [GC2016-11-19T02:38:31.278+0300: 1237263.423: [ParNew: 275279K->2106K(306688K), 0.0059190 secs] 279138K->5966K(1014528K), 0.0061360 secs] [Times: user=0.02 sys=0.00, real=0.00 secs] 
2016-11-19T04:00:16.280+0300: 1242168.425: [GC2016-11-19T04:00:16.280+0300: 1242168.426: [ParNew: 274746K->2084K(306688K), 0.0059070 secs] 278606K->5946K(1014528K), 0.0061310 secs] [Times: user=0.01 sys=0.00, real=0.00 secs] 
2016-11-19T05:22:31.278+0300: 1247103.423: [GC2016-11-19T05:22:31.279+0300: 1247103.424: [ParNew: 274724K->2003K(306688K), 0.0136440 secs] 278586K->5878K(1014528K), 0.0142590 secs] [Times: user=0.02 sys=0.01, real=0.01 secs] 
2016-11-19T06:45:00.884+0300: 1252053.030: [GC2016-11-19T06:45:00.884+0300: 1252053.030: [ParNew: 274643K->2427K(306688K), 0.0059870 secs] 278518K->6302K(1014528K), 0.0062290 secs] [Times: user=0.02 sys=0.00, real=0.01 secs] 
2016-11-19T08:06:56.278+0300: 1256968.423: [GC2016-11-19T08:06:56.278+0300: 1256968.423: [ParNew: 275067K->2169K(306688K), 0.0086810 secs] 278942K->6044K(1014528K), 0.0089830 secs] [Times: user=0.02 sys=0.00, real=0.01 secs] 
2016-11-19T09:29:06.278+0300: 1261898.423: [GC2016-11-19T09:29:06.278+0300: 1261898.424: [ParNew: 274809K->2545K(306688K), 0.0070000 secs] 278684K->6420K(1014528K), 0.0072740 secs] [Times: user=0.03 sys=0.00, real=0.00 secs] 
2016-11-19T10:51:29.703+0300: 1266841.849: [GC2016-11-19T10:51:29.704+0300: 1266841.849: [ParNew: 275185K->2439K(306688K), 0.0116550 secs] 279060K->6315K(1014528K), 0.0118590 secs] [Times: user=0.03 sys=0.00, real=0.01 secs] 
2016-11-19T12:13:16.279+0300: 1271748.425: [GC2016-11-19T12:13:16.280+0300: 1271748.425: [ParNew: 275079K->1939K(306688K), 0.0125150 secs] 278955K->5815K(1014528K), 0.0128550 secs] [Times: user=0.03 sys=0.00, real=0.01 secs] 
2016-11-19T13:35:36.277+0300: 1276688.422: [GC2016-11-19T13:35:36.277+0300: 1276688.423: [ParNew: 274579K->2086K(306688K), 0.0075930 secs] 278455K->5962K(1014528K), 0.0079940 secs] [Times: user=0.02 sys=0.00, real=0.00 secs] 
2016-11-19T14:58:01.127+0300: 1281633.273: [GC2016-11-19T14:58:01.129+0300: 1281633.274: [ParNew: 274726K->1686K(306688K), 0.0315420 secs] 278602K->5561K(1014528K), 0.0337470 secs] [Times: user=0.03 sys=0.00, real=0.03 secs] 
2016-11-19T16:19:51.306+0300: 1286543.451: [GC2016-11-19T16:19:51.346+0300: 1286543.492: [ParNew: 274326K->2229K(306688K), 0.2028210 secs] 278201K->6104K(1014528K), 0.2433380 secs] [Times: user=0.05 sys=0.01, real=0.24 secs] 
2016-11-19T17:42:26.288+0300: 1291498.434: [GC2016-11-19T17:42:26.289+0300: 1291498.434: [ParNew: 274869K->2411K(306688K), 0.0657380 secs] 278744K->6287K(1014528K), 0.0665510 secs] [Times: user=0.03 sys=0.01, real=0.07 secs] 
2016-11-19T19:03:57.783+0300: 1296389.928: [GC2016-11-19T19:03:57.783+0300: 1296389.928: [ParNew: 275051K->2441K(306688K), 0.0386150 secs] 278927K->6316K(1014528K), 0.0392590 secs] [Times: user=0.03 sys=0.00, real=0.04 secs] 
2016-11-19T20:26:11.285+0300: 1301323.431: [GC2016-11-19T20:26:11.354+0300: 1301323.499: [ParNew: 275081K->1938K(306688K), 0.0135010 secs] 278956K->5813K(1014528K), 0.1121440 secs] [Times: user=0.02 sys=0.00, real=0.12 secs] 
2016-11-19T21:48:36.374+0300: 1306268.520: [GC2016-11-19T21:48:36.374+0300: 1306268.520: [ParNew: 274578K->1891K(306688K), 0.0054670 secs] 278453K->5766K(1014528K), 0.0057010 secs] [Times: user=0.02 sys=0.00, real=0.01 secs] 
2016-11-19T23:10:26.285+0300: 1311178.430: [GC2016-11-19T23:10:26.285+0300: 1311178.431: [ParNew: 274531K->2413K(306688K), 0.0092600 secs] 278406K->6292K(1014528K), 0.0095560 secs] [Times: user=0.02 sys=0.00, real=0.01 secs] 
2016-11-20T00:32:36.295+0300: 1316108.441: [GC2016-11-20T00:32:36.296+0300: 1316108.441: [ParNew: 275053K->2541K(306688K), 0.0216320 secs] 278932K->6420K(1014528K), 0.0221340 secs] [Times: user=0.02 sys=0.01, real=0.03 secs] 
2016-11-20T01:55:01.287+0300: 1321053.432: [GC2016-11-20T01:55:01.287+0300: 1321053.432: [ParNew: 275181K->2578K(306688K), 0.0126910 secs] 279060K->6458K(1014528K), 0.0129840 secs] [Times: user=0.02 sys=0.01, real=0.01 secs] 
2016-11-20T03:16:56.492+0300: 1325968.637: [GC2016-11-20T03:16:56.492+0300: 1325968.637: [ParNew: 275218K->2089K(306688K), 0.0073840 secs] 279098K->5969K(1014528K), 0.0078280 secs] [Times: user=0.02 sys=0.00, real=0.01 secs] 
2016-11-20T04:39:21.003+0300: 1330913.148: [GC2016-11-20T04:39:21.003+0300: 1330913.149: [ParNew: 274729K->2647K(306688K), 0.0090150 secs] 278609K->6527K(1014528K), 0.0092600 secs] [Times: user=0.02 sys=0.00, real=0.01 secs] 
2016-11-20T06:00:56.288+0300: 1335808.434: [GC2016-11-20T06:00:56.288+0300: 1335808.434: [ParNew: 275287K->1842K(306688K), 0.0100330 secs] 279167K->5722K(1014528K), 0.0103640 secs] [Times: user=0.02 sys=0.00, real=0.01 secs] 
2016-11-20T07:23:15.153+0300: 1340747.299: [GC2016-11-20T07:23:15.153+0300: 1340747.299: [ParNew: 274482K->2523K(306688K), 0.0100170 secs] 278362K->6403K(1014528K), 0.0103160 secs] [Times: user=0.03 sys=0.00, real=0.01 secs] 
2016-11-20T08:45:46.283+0300: 1345698.428: [GC2016-11-20T08:45:46.286+0300: 1345698.432: [ParNew: 275163K->2494K(306688K), 0.0078990 secs] 279043K->6373K(1014528K), 0.0113890 secs] [Times: user=0.02 sys=0.00, real=0.01 secs] 
2016-11-20T10:07:36.287+0300: 1350608.433: [GC2016-11-20T10:07:36.288+0300: 1350608.434: [ParNew: 275134K->2625K(306688K), 0.0081400 secs] 279013K->6505K(1014528K), 0.0092600 secs] [Times: user=0.02 sys=0.00, real=0.01 secs] 
2016-11-20T11:29:56.282+0300: 1355548.428: [GC2016-11-20T11:29:56.282+0300: 1355548.428: [ParNew: 275265K->2474K(306688K), 0.0056590 secs] 279145K->6354K(1014528K), 0.0059490 secs] [Times: user=0.02 sys=0.00, real=0.01 secs] 
2016-11-20T12:52:32.297+0300: 1360504.443: [GC2016-11-20T12:52:32.298+0300: 1360504.443: [ParNew: 275114K->2354K(306688K), 0.0074500 secs] 278994K->6234K(1014528K), 0.0079220 secs] [Times: user=0.01 sys=0.01, real=0.01 secs] 
2016-11-20T14:14:10.998+0300: 1365403.144: [GC2016-11-20T14:14:11.004+0300: 1365403.150: [ParNew: 274994K->2195K(306688K), 0.0071950 secs] 278874K->6075K(1014528K), 0.0135770 secs] [Times: user=0.03 sys=0.00, real=0.01 secs] 
2016-11-20T15:36:47.676+0300: 1370359.821: [GC2016-11-20T15:36:47.677+0300: 1370359.822: [ParNew: 274835K->1726K(306688K), 0.0155970 secs] 278715K->5606K(1014528K), 0.0163590 secs] [Times: user=0.02 sys=0.00, real=0.02 secs] 
2016-11-20T16:59:01.286+0300: 1375293.431: [GC2016-11-20T16:59:01.347+0300: 1375293.492: [ParNew: 274366K->2660K(306688K), 0.0171620 secs] 278246K->6540K(1014528K), 0.0782720 secs] [Times: user=0.03 sys=0.00, real=0.08 secs] 
2016-11-20T18:21:00.933+0300: 1380213.079: [GC2016-11-20T18:21:00.934+0300: 1380213.079: [ParNew: 275300K->2872K(306688K), 0.0186430 secs] 279180K->6751K(1014528K), 0.0193620 secs] [Times: user=0.03 sys=0.00, real=0.02 secs] 
2016-11-20T19:43:31.292+0300: 1385163.437: [GC2016-11-20T19:43:31.292+0300: 1385163.437: [ParNew: 275512K->2156K(306688K), 0.0254460 secs] 279391K->6036K(1014528K), 0.0259610 secs] [Times: user=0.02 sys=0.00, real=0.03 secs] 
2016-11-20T21:05:06.286+0300: 1390058.431: [GC2016-11-20T21:05:06.286+0300: 1390058.432: [ParNew: 274796K->2252K(306688K), 0.0090980 secs] 278676K->6132K(1014528K), 0.0096990 secs] [Times: user=0.02 sys=0.00, real=0.01 secs] 
2016-11-20T22:27:31.285+0300: 1395003.430: [GC2016-11-20T22:27:31.285+0300: 1395003.430: [ParNew: 274892K->2223K(306688K), 0.0069510 secs] 278772K->6103K(1014528K), 0.0073310 secs] [Times: user=0.02 sys=0.00, real=0.01 secs] 
2016-11-20T23:49:56.283+0300: 1399948.428: [GC2016-11-20T23:49:56.283+0300: 1399948.429: [ParNew: 274863K->2103K(306688K), 0.0079710 secs] 278743K->5983K(1014528K), 0.0086700 secs] [Times: user=0.02 sys=0.00, real=0.01 secs] 
2016-11-21T01:11:38.324+0300: 1404850.470: [GC2016-11-21T01:11:38.324+0300: 1404850.470: [ParNew: 274743K->2402K(306688K), 0.0119890 secs] 278623K->6282K(1014528K), 0.0123010 secs] [Times: user=0.02 sys=0.00, real=0.01 secs] 
2016-11-21T02:33:56.289+0300: 1409788.434: [GC2016-11-21T02:33:56.289+0300: 1409788.434: [ParNew: 275042K->2368K(306688K), 0.0100860 secs] 278922K->6248K(1014528K), 0.0103060 secs] [Times: user=0.03 sys=0.00, real=0.01 secs] 
2016-11-21T03:56:29.914+0300: 1414742.059: [GC2016-11-21T03:56:29.914+0300: 1414742.059: [ParNew: 275008K->2553K(306688K), 0.0062350 secs] 278888K->6433K(1014528K), 0.0065000 secs] [Times: user=0.02 sys=0.00, real=0.01 secs] 
2016-11-21T05:17:55.388+0300: 1419627.533: [GC2016-11-21T05:17:55.388+0300: 1419627.533: [ParNew: 275193K->2479K(306688K), 0.0079880 secs] 279073K->6359K(1014528K), 0.0083330 secs] [Times: user=0.03 sys=0.00, real=0.01 secs] 
2016-11-21T06:40:25.671+0300: 1424577.817: [GC2016-11-21T06:40:25.672+0300: 1424577.817: [ParNew: 275119K->1956K(306688K), 0.0074160 secs] 278999K->5836K(1014528K), 0.0076650 secs] [Times: user=0.01 sys=0.01, real=0.01 secs] 
2016-11-21T08:02:06.290+0300: 1429478.436: [GC2016-11-21T08:02:06.290+0300: 1429478.436: [ParNew: 274596K->2205K(306688K), 0.0128570 secs] 278476K->6085K(1014528K), 0.0135400 secs] [Times: user=0.02 sys=0.00, real=0.01 secs] 
2016-11-21T09:24:40.058+0300: 1434432.203: [GC2016-11-21T09:24:40.058+0300: 1434432.203: [ParNew: 274845K->2320K(306688K), 0.0078540 secs] 278725K->6200K(1014528K), 0.0082600 secs] [Times: user=0.02 sys=0.00, real=0.00 secs] 
2016-11-21T10:47:00.888+0300: 1439373.033: [GC2016-11-21T10:47:00.888+0300: 1439373.033: [ParNew: 274960K->2395K(306688K), 0.0069150 secs] 278840K->6275K(1014528K), 0.0071990 secs] [Times: user=0.02 sys=0.00, real=0.00 secs] 
2016-11-21T12:08:56.286+0300: 1444288.432: [GC2016-11-21T12:08:56.286+0300: 1444288.432: [ParNew: 275035K->2206K(306688K), 0.0066930 secs] 278915K->6086K(1014528K), 0.0069430 secs] [Times: user=0.01 sys=0.00, real=0.00 secs] 
2016-11-21T13:31:00.893+0300: 1449213.039: [GC2016-11-21T13:31:00.894+0300: 1449213.039: [ParNew: 274846K->2130K(306688K), 0.0067550 secs] 278726K->6010K(1014528K), 0.0071180 secs] [Times: user=0.02 sys=0.00, real=0.01 secs] 
2016-11-21T14:53:21.484+0300: 1454153.629: [GC2016-11-21T14:53:21.485+0300: 1454153.631: [ParNew: 274770K->2338K(306688K), 0.2696200 secs] 278650K->6218K(1014528K), 0.2728540 secs] [Times: user=0.07 sys=0.01, real=0.28 secs] 
2016-11-21T16:15:21.358+0300: 1459073.504: [GC2016-11-21T16:15:21.392+0300: 1459073.538: [ParNew: 274978K->2513K(306688K), 0.1505070 secs] 278858K->6393K(1014528K), 0.1849120 secs] [Times: user=0.05 sys=0.02, real=0.18 secs] 
2016-11-21T17:37:56.466+0300: 1464028.612: [GC2016-11-21T17:37:56.468+0300: 1464028.614: [ParNew: 275153K->1733K(306688K), 0.0562290 secs] 279033K->5613K(1014528K), 0.0797570 secs] [Times: user=0.02 sys=0.01, real=0.08 secs] 
2016-11-21T18:59:41.383+0300: 1468933.528: [GC2016-11-21T18:59:41.384+0300: 1468933.530: [ParNew: 274373K->1926K(306688K), 0.0369400 secs] 278253K->5806K(1014528K), 0.0391840 secs] [Times: user=0.02 sys=0.00, real=0.04 secs] 
2016-11-21T20:22:11.793+0300: 1473883.939: [GC2016-11-21T20:22:11.794+0300: 1473883.940: [ParNew: 274566K->1890K(306688K), 0.0134840 secs] 278446K->5770K(1014528K), 0.0150740 secs] [Times: user=0.02 sys=0.00, real=0.02 secs] 
2016-11-21T21:44:36.289+0300: 1478828.434: [GC2016-11-21T21:44:36.388+0300: 1478828.534: [ParNew: 274530K->2592K(306688K), 0.1299450 secs] 278410K->6472K(1014528K), 0.2291110 secs] [Times: user=0.07 sys=0.00, real=0.23 secs] 
2016-11-21T23:06:26.286+0300: 1483738.432: [GC2016-11-21T23:06:26.286+0300: 1483738.432: [ParNew: 275232K->2518K(306688K), 0.0214750 secs] 279112K->6398K(1014528K), 0.0218030 secs] [Times: user=0.03 sys=0.01, real=0.02 secs] 
2016-11-22T00:28:36.301+0300: 1488668.446: [GC2016-11-22T00:28:36.301+0300: 1488668.447: [ParNew: 275158K->2524K(306688K), 0.0090370 secs] 279038K->6404K(1014528K), 0.0100410 secs] [Times: user=0.02 sys=0.00, real=0.01 secs] 
2016-11-22T01:50:53.250+0300: 1493605.395: [GC2016-11-22T01:50:53.250+0300: 1493605.396: [ParNew: 275164K->2047K(306688K), 0.0101670 secs] 279044K->5927K(1014528K), 0.0104940 secs] [Times: user=0.03 sys=0.00, real=0.01 secs] 
2016-11-22T03:12:38.067+0300: 1498510.213: [GC2016-11-22T03:12:38.068+0300: 1498510.214: [ParNew: 274687K->2240K(306688K), 0.0984830 secs] 278567K->6122K(1014528K), 0.0993390 secs] [Times: user=0.02 sys=0.00, real=0.09 secs] 
2016-11-22T04:34:49.434+0300: 1503441.579: [GC2016-11-22T04:34:49.434+0300: 1503441.580: [ParNew: 274880K->1579K(306688K), 0.0084910 secs] 278762K->5461K(1014528K), 0.0088080 secs] [Times: user=0.02 sys=0.01, real=0.01 secs] 
2016-11-22T05:57:18.245+0300: 1508390.391: [GC2016-11-22T05:57:18.245+0300: 1508390.391: [ParNew: 274219K->2652K(306688K), 0.0090020 secs] 278101K->6534K(1014528K), 0.0092240 secs] [Times: user=0.02 sys=0.00, real=0.01 secs] 
2016-11-22T07:19:06.293+0300: 1513298.438: [GC2016-11-22T07:19:06.369+0300: 1513298.515: [ParNew: 275292K->2835K(306688K), 0.0525310 secs] 279174K->6717K(1014528K), 0.1292850 secs] [Times: user=0.03 sys=0.00, real=0.13 secs] 
2016-11-22T08:41:42.705+0300: 1518254.850: [GC2016-11-22T08:41:42.726+0300: 1518254.871: [ParNew: 275475K->2138K(306688K), 0.0115620 secs] 279357K->6020K(1014528K), 0.0322300 secs] [Times: user=0.03 sys=0.00, real=0.04 secs] 
2016-11-22T10:03:26.205+0300: 1523158.351: [GC2016-11-22T10:03:26.266+0300: 1523158.411: [ParNew: 274778K->2208K(306688K), 0.0103930 secs] 278660K->6091K(1014528K), 0.0710050 secs] [Times: user=0.03 sys=0.00, real=0.07 secs] 
2016-11-22T11:25:36.353+0300: 1528088.498: [GC2016-11-22T11:25:36.358+0300: 1528088.504: [ParNew: 274848K->2174K(306688K), 0.0086290 secs] 278731K->6057K(1014528K), 0.0140880 secs] [Times: user=0.02 sys=0.00, real=0.01 secs] 
2016-11-22T12:48:01.003+0300: 1533033.149: [GC2016-11-22T12:48:01.004+0300: 1533033.149: [ParNew: 274814K->2064K(306688K), 0.0072470 secs] 278697K->5947K(1014528K), 0.0076900 secs] [Times: user=0.01 sys=0.01, real=0.01 secs] 
2016-11-22T14:09:56.360+0300: 1537948.506: [GC2016-11-22T14:09:56.362+0300: 1537948.508: [ParNew: 274704K->2365K(306688K), 0.0258060 secs] 278587K->6247K(1014528K), 0.0287420 secs] [Times: user=0.02 sys=0.00, real=0.03 secs] 
2016-11-22T15:32:16.330+0300: 1542888.476: [GC2016-11-22T15:32:16.331+0300: 1542888.476: [ParNew: 275005K->2405K(306688K), 0.0331270 secs] 278887K->6288K(1014528K), 0.0338800 secs] [Times: user=0.02 sys=0.00, real=0.03 secs] 
2016-11-22T16:54:46.292+0300: 1547838.438: [GC2016-11-22T16:54:46.293+0300: 1547838.438: [ParNew: 275045K->2562K(306688K), 0.0381800 secs] 278928K->6444K(1014528K), 0.0388340 secs] [Times: user=0.02 sys=0.01, real=0.04 secs] 
2016-11-22T18:16:31.290+0300: 1552743.436: [GC2016-11-22T18:16:31.291+0300: 1552743.436: [ParNew: 275202K->1973K(306688K), 0.0292750 secs] 279084K->5855K(1014528K), 0.0301140 secs] [Times: user=0.02 sys=0.00, real=0.03 secs] 
2016-11-22T19:38:56.292+0300: 1557688.437: [GC2016-11-22T19:38:56.292+0300: 1557688.438: [ParNew: 274613K->2077K(306688K), 0.4450470 secs] 278495K->5960K(1014528K), 0.4456810 secs] [Times: user=0.02 sys=0.00, real=0.45 secs] 
2016-11-22T21:00:56.288+0300: 1562608.433: [GC2016-11-22T21:00:56.288+0300: 1562608.434: [ParNew: 274717K->2198K(306688K), 0.0058470 secs] 278600K->6080K(1014528K), 0.0061000 secs] [Times: user=0.02 sys=0.00, real=0.00 secs] 
2016-11-22T22:23:08.244+0300: 1567540.390: [GC2016-11-22T22:23:08.245+0300: 1567540.390: [ParNew: 274838K->2276K(306688K), 0.0082280 secs] 278720K->6158K(1014528K), 0.0086110 secs] [Times: user=0.03 sys=0.00, real=0.01 secs] 
2016-11-22T23:45:36.291+0300: 1572488.437: [GC2016-11-22T23:45:36.292+0300: 1572488.438: [ParNew: 274916K->2408K(306688K), 0.0214090 secs] 278798K->6290K(1014528K), 0.0222990 secs] [Times: user=0.02 sys=0.00, real=0.02 secs] 
2016-11-23T01:07:21.290+0300: 1577393.435: [GC2016-11-23T01:07:21.290+0300: 1577393.436: [ParNew: 275048K->2383K(306688K), 0.0105210 secs] 278930K->6267K(1014528K), 0.0108540 secs] [Times: user=0.02 sys=0.00, real=0.01 secs] 
2016-11-23T02:29:31.324+0300: 1582323.469: [GC2016-11-23T02:29:31.324+0300: 1582323.470: [ParNew: 275023K->1705K(306688K), 0.2203490 secs] 278907K->5589K(1014528K), 0.2208570 secs] [Times: user=0.01 sys=0.00, real=0.22 secs] 
2016-11-23T03:52:05.439+0300: 1587277.585: [GC2016-11-23T03:52:05.465+0300: 1587277.611: [ParNew: 274345K->1847K(306688K), 0.0120950 secs] 278229K->5731K(1014528K), 0.0379660 secs] [Times: user=0.02 sys=0.00, real=0.04 secs] 
2016-11-23T05:13:52.060+0300: 1592184.205: [GC2016-11-23T05:13:52.060+0300: 1592184.205: [ParNew: 274487K->2368K(306688K), 0.0104960 secs] 278371K->6252K(1014528K), 0.0107780 secs] [Times: user=0.02 sys=0.00, real=0.01 secs] 
2016-11-23T06:36:01.306+0300: 1597113.452: [GC2016-11-23T06:36:01.314+0300: 1597113.460: [ParNew: 275008K->2469K(306688K), 0.0092880 secs] 278892K->6353K(1014528K), 0.0176500 secs] [Times: user=0.03 sys=0.00, real=0.02 secs] 
2016-11-23T07:58:37.069+0300: 1602069.214: [GC2016-11-23T07:58:37.187+0300: 1602069.333: [ParNew: 275109K->2529K(306688K), 0.0080730 secs] 278993K->6413K(1014528K), 0.1264480 secs] [Times: user=0.03 sys=0.00, real=0.12 secs] 
2016-11-23T09:20:18.817+0300: 1606970.963: [GC2016-11-23T09:20:18.818+0300: 1606970.963: [ParNew: 275169K->2429K(306688K), 0.0069430 secs] 279053K->6314K(1014528K), 0.0073330 secs] [Times: user=0.02 sys=0.00, real=0.00 secs] 
2016-11-23T10:42:37.803+0300: 1611909.949: [GC2016-11-23T10:42:37.804+0300: 1611909.949: [ParNew: 275069K->1931K(306688K), 0.0087020 secs] 278954K->5815K(1014528K), 0.0090920 secs] [Times: user=0.03 sys=0.00, real=0.01 secs] 
2016-11-23T12:04:16.287+0300: 1616808.432: [GC2016-11-23T12:04:16.287+0300: 1616808.433: [ParNew: 274571K->2169K(306688K), 0.0115960 secs] 278455K->6053K(1014528K), 0.0120450 secs] [Times: user=0.02 sys=0.00, real=0.01 secs] 
2016-11-23T13:26:46.317+0300: 1621758.468: [GC2016-11-23T13:26:46.323+0300: 1621758.468: [ParNew: 274809K->1765K(306688K), 0.0085670 secs] 278693K->5650K(1014528K), 0.0148500 secs] [Times: user=0.02 sys=0.00, real=0.01 secs] 
2016-11-23T14:49:11.287+0300: 1626703.432: [GC2016-11-23T14:49:11.287+0300: 1626703.433: [ParNew: 274405K->2039K(306688K), 0.0097490 secs] 278290K->5924K(1014528K), 0.0102870 secs] [Times: user=0.01 sys=0.01, real=0.01 secs] 
2016-11-23T16:11:08.222+0300: 1631620.367: [GC2016-11-23T16:11:08.224+0300: 1631620.370: [ParNew: 274679K->2496K(306688K), 0.0112560 secs] 278564K->6381K(1014528K), 0.0137180 secs] [Times: user=0.02 sys=0.00, real=0.01 secs] 
2016-11-23T17:33:36.293+0300: 1636568.438: [GC2016-11-23T17:33:36.293+0300: 1636568.438: [ParNew: 275136K->2525K(306688K), 0.0192100 secs] 279021K->6409K(1014528K), 0.0196050 secs] [Times: user=0.03 sys=0.00, real=0.02 secs] 
2016-11-23T18:56:12.976+0300: 1641525.138: [GC2016-11-23T18:56:12.993+0300: 1641525.138: [ParNew: 275165K->2602K(306688K), 0.0075360 secs] 279049K->6487K(1014528K), 0.0245060 secs] [Times: user=0.02 sys=0.01, real=0.03 secs] 
2016-11-23T20:17:41.910+0300: 1646414.055: [GC2016-11-23T20:17:41.910+0300: 1646414.055: [ParNew: 275242K->2506K(306688K), 0.0062520 secs] 279127K->6393K(1014528K), 0.0066940 secs] [Times: user=0.01 sys=0.00, real=0.01 secs] 
2016-11-23T21:40:06.283+0300: 1651358.429: [GC2016-11-23T21:40:06.312+0300: 1651358.458: [ParNew: 275146K->1765K(306688K), 0.0068330 secs] 279033K->5652K(1014528K), 0.0358160 secs] [Times: user=0.02 sys=0.00, real=0.04 secs] 
2016-11-23T23:02:00.887+0300: 1656273.032: [GC2016-11-23T23:02:00.958+0300: 1656273.104: [ParNew: 274405K->1683K(306688K), 0.0223420 secs] 278292K->5570K(1014528K), 0.0939310 secs] [Times: user=0.04 sys=0.00, real=0.09 secs] 
2016-11-24T00:24:08.265+0300: 1661200.410: [GC2016-11-24T00:24:08.266+0300: 1661200.411: [ParNew: 274323K->2772K(306688K), 0.0103900 secs] 278210K->6659K(1014528K), 0.0115580 secs] [Times: user=0.02 sys=0.00, real=0.01 secs] 
2016-11-24T01:46:31.371+0300: 1666143.517: [GC2016-11-24T01:46:31.372+0300: 1666143.518: [ParNew: 275412K->2173K(306688K), 0.0287840 secs] 279299K->6060K(1014528K), 0.0301900 secs] [Times: user=0.02 sys=0.01, real=0.03 secs] 
2016-11-24T03:08:31.558+0300: 1671063.704: [GC2016-11-24T03:08:31.559+0300: 1671063.704: [ParNew: 274813K->2641K(306688K), 0.2031440 secs] 278700K->6528K(1014528K), 0.2037860 secs] [Times: user=0.03 sys=0.00, real=0.20 secs] 
2016-11-24T04:30:51.284+0300: 1676003.430: [GC2016-11-24T04:30:51.285+0300: 1676003.430: [ParNew: 275281K->2145K(306688K), 0.0061390 secs] 279168K->6032K(1014528K), 0.0064270 secs] [Times: user=0.02 sys=0.00, real=0.01 secs] 
2016-11-24T05:53:16.283+0300: 1680948.429: [GC2016-11-24T05:53:16.370+0300: 1680948.515: [ParNew: 274785K->2017K(306688K), 0.0063890 secs] 278672K->5904K(1014528K), 0.0927750 secs] [Times: user=0.02 sys=0.00, real=0.10 secs] 
2016-11-24T07:15:00.633+0300: 1685852.778: [GC2016-11-24T07:15:00.640+0300: 1685852.785: [ParNew: 274657K->1878K(306688K), 0.0069350 secs] 278544K->5764K(1014528K), 0.0142570 secs] [Times: user=0.02 sys=0.00, real=0.02 secs] 
2016-11-24T08:37:26.286+0300: 1690798.431: [GC2016-11-24T08:37:26.286+0300: 1690798.431: [ParNew: 274518K->1987K(306688K), 0.0065510 secs] 278404K->5874K(1014528K), 0.0069100 secs] [Times: user=0.03 sys=0.00, real=0.00 secs] 
2016-11-24T09:59:32.739+0300: 1695724.884: [GC2016-11-24T09:59:32.739+0300: 1695724.884: [ParNew: 274627K->2411K(306688K), 0.0073840 secs] 278514K->6298K(1014528K), 0.0076620 secs] [Times: user=0.02 sys=0.00, real=0.00 secs] 
2016-11-24T11:21:26.283+0300: 1700638.428: [GC2016-11-24T11:21:26.336+0300: 1700638.481: [ParNew: 275051K->2492K(306688K), 0.0060800 secs] 278938K->6379K(1014528K), 0.0591230 secs] [Times: user=0.02 sys=0.00, real=0.06 secs] 
2016-11-24T12:43:56.283+0300: 1705588.428: [GC2016-11-24T12:43:56.283+0300: 1705588.428: [ParNew: 275132K->2126K(306688K), 0.0064120 secs] 279019K->6013K(1014528K), 0.0067790 secs] [Times: user=0.02 sys=0.00, real=0.01 secs] 
2016-11-24T14:05:51.285+0300: 1710503.430: [GC2016-11-24T14:05:51.285+0300: 1710503.431: [ParNew: 274766K->2416K(306688K), 0.0055790 secs] 278653K->6303K(1014528K), 0.0057820 secs] [Times: user=0.02 sys=0.00, real=0.01 secs] 
2016-11-24T15:28:01.308+0300: 1715433.454: [GC2016-11-24T15:28:01.367+0300: 1715433.512: [ParNew: 275056K->1945K(306688K), 0.0255400 secs] 278943K->5832K(1014528K), 0.0847030 secs] [Times: user=0.02 sys=0.01, real=0.08 secs] 
2016-11-24T16:50:26.644+0300: 1720378.790: [GC2016-11-24T16:50:26.645+0300: 1720378.790: [ParNew: 274585K->2409K(306688K), 0.0125430 secs] 278472K->6296K(1014528K), 0.0131120 secs] [Times: user=0.03 sys=0.00, real=0.02 secs] 
2016-11-24T18:12:26.291+0300: 1725298.437: [GC2016-11-24T18:12:26.292+0300: 1725298.437: [ParNew: 275049K->2464K(306688K), 0.0194420 secs] 278936K->6351K(1014528K), 0.0203620 secs] [Times: user=0.02 sys=0.00, real=0.02 secs] 
2016-11-24T19:34:36.322+0300: 1730228.468: [GC2016-11-24T19:34:36.323+0300: 1730228.469: [ParNew: 275104K->2499K(306688K), 0.0163720 secs] 278991K->6386K(1014528K), 0.0177250 secs] [Times: user=0.02 sys=0.01, real=0.02 secs] 
2016-11-24T20:57:10.423+0300: 1735182.569: [GC2016-11-24T20:57:10.424+0300: 1735182.570: [ParNew: 275139K->2372K(306688K), 0.0893150 secs] 279026K->6259K(1014528K), 0.0905090 secs] [Times: user=0.03 sys=0.00, real=0.09 secs] 
2016-11-24T22:18:56.285+0300: 1740088.431: [GC2016-11-24T22:18:56.286+0300: 1740088.431: [ParNew: 275012K->2217K(306688K), 0.0076210 secs] 278899K->6104K(1014528K), 0.0352870 secs] [Times: user=0.02 sys=0.00, real=0.04 secs] 
2016-11-24T23:41:25.914+0300: 1745038.059: [GC2016-11-24T23:41:25.914+0300: 1745038.059: [ParNew: 274857K->1585K(306688K), 0.0056520 secs] 278744K->5472K(1014528K), 0.0058620 secs] [Times: user=0.02 sys=0.00, real=0.01 secs] 
2016-11-25T01:03:16.288+0300: 1749948.433: [GC2016-11-25T01:03:16.288+0300: 1749948.433: [ParNew: 274225K->2451K(306688K), 0.0076350 secs] 278112K->6339K(1014528K), 0.0079550 secs] [Times: user=0.03 sys=0.00, real=0.01 secs] 
2016-11-25T02:25:26.360+0300: 1754878.506: [GC2016-11-25T02:25:26.422+0300: 1754878.568: [ParNew: 275091K->2464K(306688K), 0.0074240 secs] 278979K->6353K(1014528K), 0.0695660 secs] [Times: user=0.03 sys=0.00, real=0.07 secs] 
2016-11-25T03:47:56.976+0300: 1759829.121: [GC2016-11-25T03:47:56.977+0300: 1759829.122: [ParNew: 275104K->2901K(306688K), 0.0525190 secs] 278993K->6790K(1014528K), 0.0532370 secs] [Times: user=0.02 sys=0.00, real=0.06 secs] 
2016-11-25T05:09:56.281+0300: 1764748.427: [GC2016-11-25T05:09:56.282+0300: 1764748.427: [ParNew: 275541K->1842K(306688K), 0.0082300 secs] 279430K->5731K(1014528K), 0.0085390 secs] [Times: user=0.02 sys=0.00, real=0.01 secs] 
2016-11-25T06:32:00.883+0300: 1769673.028: [GC2016-11-25T06:32:00.883+0300: 1769673.029: [ParNew: 274482K->2081K(306688K), 0.0120720 secs] 278371K->5970K(1014528K), 0.0123660 secs] [Times: user=0.03 sys=0.00, real=0.01 secs] 
2016-11-25T07:54:21.278+0300: 1774613.423: [GC2016-11-25T07:54:21.323+0300: 1774613.469: [ParNew: 274721K->2025K(306688K), 0.0133360 secs] 278610K->5914K(1014528K), 0.0590970 secs] [Times: user=0.02 sys=0.01, real=0.06 secs] 
2016-11-25T09:16:06.279+0300: 1779518.424: [GC2016-11-25T09:16:06.279+0300: 1779518.425: [ParNew: 274665K->2497K(306688K), 0.0106700 secs] 278554K->6386K(1014528K), 0.0109650 secs] [Times: user=0.03 sys=0.00, real=0.01 secs] 
2016-11-25T10:38:41.284+0300: 1784473.429: [GC2016-11-25T10:38:41.284+0300: 1784473.430: [ParNew: 275137K->2510K(306688K), 0.0086160 secs] 279026K->6399K(1014528K), 0.0089050 secs] [Times: user=0.02 sys=0.00, real=0.01 secs] 
2016-11-25T12:00:26.276+0300: 1789378.422: [GC2016-11-25T12:00:26.281+0300: 1789378.426: [ParNew: 275150K->2559K(306688K), 0.0078190 secs] 279039K->6449K(1014528K), 0.0120170 secs] [Times: user=0.02 sys=0.00, real=0.01 secs] 
2016-11-25T13:22:37.803+0300: 1794309.948: [GC2016-11-25T13:22:37.803+0300: 1794309.949: [ParNew: 275199K->2078K(306688K), 0.0079790 secs] 279089K->5967K(1014528K), 0.0082520 secs] [Times: user=0.02 sys=0.00, real=0.01 secs] 
2016-11-25T14:45:13.670+0300: 1799265.816: [GC2016-11-25T14:45:13.670+0300: 1799265.816: [ParNew: 274718K->2191K(306688K), 0.0077670 secs] 278607K->6080K(1014528K), 0.0080780 secs] [Times: user=0.02 sys=0.00, real=0.01 secs] 
2016-11-25T16:07:16.284+0300: 1804188.430: [GC2016-11-25T16:07:16.285+0300: 1804188.430: [ParNew: 274831K->1766K(306688K), 0.0084820 secs] 278720K->5655K(1014528K), 0.0088800 secs] [Times: user=0.03 sys=0.00, real=0.01 secs] 
2016-11-25T17:29:36.281+0300: 1809128.426: [GC2016-11-25T17:29:36.281+0300: 1809128.427: [ParNew: 274406K->2495K(306688K), 0.0079150 secs] 278295K->6384K(1014528K), 0.0082400 secs] [Times: user=0.03 sys=0.00, real=0.01 secs] 
2016-11-25T18:52:00.884+0300: 1814073.029: [GC2016-11-25T18:52:00.887+0300: 1814073.032: [ParNew: 275135K->2886K(306688K), 0.0112140 secs] 279024K->6776K(1014528K), 0.0148410 secs] [Times: user=0.03 sys=0.00, real=0.02 secs] 
2016-11-25T20:13:36.302+0300: 1818968.447: [GC2016-11-25T20:13:37.076+0300: 1818969.221: [ParNew: 275526K->2603K(306688K), 0.0316900 secs] 279416K->6492K(1014528K), 0.8061500 secs] [Times: user=0.03 sys=0.00, real=0.81 secs] 
2016-11-25T21:35:56.280+0300: 1823908.425: [GC2016-11-25T21:35:56.280+0300: 1823908.426: [ParNew: 275243K->2442K(306688K), 0.0064240 secs] 279132K->6333K(1014528K), 0.0068600 secs] [Times: user=0.02 sys=0.00, real=0.01 secs] 
2016-11-25T22:58:23.224+0300: 1828855.370: [GC2016-11-25T22:58:23.225+0300: 1828855.370: [ParNew: 275082K->2284K(306688K), 0.0070510 secs] 278973K->6184K(1014528K), 0.0073860 secs] [Times: user=0.02 sys=0.00, real=0.01 secs] 
2016-11-26T00:20:00.885+0300: 1833753.030: [GC2016-11-26T00:20:00.885+0300: 1833753.030: [ParNew: 274924K->1620K(306688K), 0.0059180 secs] 278824K->5521K(1014528K), 0.0061230 secs] [Times: user=0.02 sys=0.00, real=0.01 secs] 
2016-11-26T01:42:16.283+0300: 1838688.428: [GC2016-11-26T01:42:16.283+0300: 1838688.428: [ParNew: 274260K->2240K(306688K), 0.0071040 secs] 278161K->6140K(1014528K), 0.0073930 secs] [Times: user=0.02 sys=0.00, real=0.01 secs] 
2016-11-26T03:04:01.277+0300: 1843593.422: [GC2016-11-26T03:04:01.277+0300: 1843593.423: [ParNew: 274880K->2503K(306688K), 0.0069680 secs] 278780K->6403K(1014528K), 0.0074760 secs] [Times: user=0.02 sys=0.00, real=0.00 secs] 
2016-11-26T04:26:28.254+0300: 1848540.399: [GC2016-11-26T04:26:28.254+0300: 1848540.400: [ParNew: 275143K->2535K(306688K), 0.0070850 secs] 279043K->6436K(1014528K), 0.0072940 secs] [Times: user=0.02 sys=0.00, real=0.01 secs] 
2016-11-26T05:48:50.348+0300: 1853482.494: [GC2016-11-26T05:48:50.349+0300: 1853482.494: [ParNew: 275175K->2401K(306688K), 0.0053620 secs] 279076K->6301K(1014528K), 0.0056810 secs] [Times: user=0.01 sys=0.01, real=0.00 secs] 
2016-11-26T07:10:46.278+0300: 1858398.424: [GC2016-11-26T07:10:46.278+0300: 1858398.424: [ParNew: 275041K->2268K(306688K), 0.0053720 secs] 278941K->6168K(1014528K), 0.0056690 secs] [Times: user=0.02 sys=0.00, real=0.00 secs] 
2016-11-26T08:33:06.284+0300: 1863338.429: [GC2016-11-26T08:33:06.284+0300: 1863338.429: [ParNew: 274908K->1631K(306688K), 0.0063510 secs] 278808K->5532K(1014528K), 0.0067070 secs] [Times: user=0.02 sys=0.00, real=0.01 secs] 
2016-11-26T09:55:30.780+0300: 1868282.926: [GC2016-11-26T09:55:30.781+0300: 1868282.926: [ParNew: 274271K->2567K(306688K), 0.0062940 secs] 278172K->6468K(1014528K), 0.0066930 secs] [Times: user=0.02 sys=0.00, real=0.01 secs] 
2016-11-26T11:17:06.286+0300: 1873178.432: [GC2016-11-26T11:17:06.287+0300: 1873178.433: [ParNew: 275207K->2549K(306688K), 0.0225740 secs] 279108K->6450K(1014528K), 0.0237860 secs] [Times: user=0.02 sys=0.01, real=0.03 secs] 
2016-11-26T12:39:17.234+0300: 1878109.380: [GC2016-11-26T12:39:17.270+0300: 1878109.416: [ParNew: 275189K->2980K(306688K), 0.1060530 secs] 279090K->6881K(1014528K), 0.1425810 secs] [Times: user=0.02 sys=0.04, real=0.15 secs] 
2016-11-26T14:01:06.307+0300: 1883018.452: [GC2016-11-26T14:01:06.307+0300: 1883018.453: [ParNew: 275620K->2117K(306688K), 0.2268050 secs] 279521K->6018K(1014528K), 0.2278430 secs] [Times: user=0.04 sys=0.01, real=0.22 secs] 
2016-11-26T15:23:26.288+0300: 1887958.433: [GC2016-11-26T15:23:26.288+0300: 1887958.433: [ParNew: 274757K->2076K(306688K), 0.0170130 secs] 278658K->5976K(1014528K), 0.0176400 secs] [Times: user=0.04 sys=0.00, real=0.02 secs] 
2016-11-26T16:46:00.011+0300: 1892912.157: [GC2016-11-26T16:46:00.012+0300: 1892912.158: [ParNew: 274716K->2060K(306688K), 0.0269630 secs] 278616K->5960K(1014528K), 0.0278050 secs] [Times: user=0.03 sys=0.01, real=0.03 secs] 
2016-11-26T18:07:37.721+0300: 1897809.866: [GC2016-11-26T18:07:37.721+0300: 1897809.867: [ParNew: 274700K->2506K(306688K), 0.0130000 secs] 278600K->6407K(1014528K), 0.0134410 secs] [Times: user=0.02 sys=0.00, real=0.01 secs] 
2016-11-26T19:29:56.282+0300: 1902748.428: [GC2016-11-26T19:29:56.283+0300: 1902748.428: [ParNew: 275146K->2537K(306688K), 0.0148610 secs] 279047K->6438K(1014528K), 0.0152230 secs] [Times: user=0.03 sys=0.00, real=0.02 secs] 
2016-11-26T20:52:11.286+0300: 1907683.431: [GC2016-11-26T20:52:11.287+0300: 1907683.432: [ParNew: 275177K->2184K(306688K), 0.0068790 secs] 279078K->6085K(1014528K), 0.0075570 secs] [Times: user=0.02 sys=0.01, real=0.01 secs] 
2016-11-26T22:14:06.285+0300: 1912598.431: [GC2016-11-26T22:14:06.286+0300: 1912598.431: [ParNew: 274824K->2489K(306688K), 0.0075220 secs] 278725K->6390K(1014528K), 0.0080010 secs] [Times: user=0.02 sys=0.00, real=0.01 secs] 
2016-11-26T23:36:24.280+0300: 1917536.426: [GC2016-11-26T23:36:24.281+0300: 1917536.426: [ParNew: 275129K->2330K(306688K), 0.0178310 secs] 279030K->6231K(1014528K), 0.0191240 secs] [Times: user=0.02 sys=0.01, real=0.02 secs] 
2016-11-27T00:58:53.280+0300: 1922485.426: [GC2016-11-27T00:58:53.281+0300: 1922485.426: [ParNew: 274970K->1855K(306688K), 0.0194100 secs] 278871K->5756K(1014528K), 0.0201570 secs] [Times: user=0.02 sys=0.00, real=0.02 secs] 
2016-11-27T02:20:46.332+0300: 1927398.478: [GC2016-11-27T02:20:46.333+0300: 1927398.478: [ParNew: 274495K->2090K(306688K), 0.0312520 secs] 278396K->5991K(1014528K), 0.0323650 secs] [Times: user=0.02 sys=0.01, real=0.03 secs] 
2016-11-27T03:43:16.292+0300: 1932348.437: [GC2016-11-27T03:43:16.293+0300: 1932348.438: [ParNew: 274730K->2183K(306688K), 0.0686160 secs] 278631K->6084K(1014528K), 0.0695050 secs] [Times: user=0.02 sys=0.01, real=0.07 secs] 
2016-11-27T05:05:01.327+0300: 1937253.473: [GC2016-11-27T05:05:01.328+0300: 1937253.473: [ParNew: 274823K->2666K(306688K), 0.0170100 secs] 278724K->6567K(1014528K), 0.0178340 secs] [Times: user=0.03 sys=0.00, real=0.01 secs] 
2016-11-27T06:27:31.282+0300: 1942203.427: [GC2016-11-27T06:27:31.282+0300: 1942203.428: [ParNew: 275306K->2462K(306688K), 0.0075870 secs] 279207K->6363K(1014528K), 0.0078230 secs] [Times: user=0.02 sys=0.00, real=0.01 secs] 
2016-11-27T07:49:57.212+0300: 1947149.357: [GC2016-11-27T07:49:57.216+0300: 1947149.361: [ParNew: 275102K->2401K(306688K), 0.0059030 secs] 279003K->6302K(1014528K), 0.0104190 secs] [Times: user=0.02 sys=0.00, real=0.01 secs] 
2016-11-27T09:11:46.284+0300: 1952058.430: [GC2016-11-27T09:11:46.292+0300: 1952058.438: [ParNew: 275041K->2252K(306688K), 0.0081500 secs] 278942K->6153K(1014528K), 0.0158790 secs] [Times: user=0.03 sys=0.00, real=0.02 secs] 
2016-11-27T10:33:51.286+0300: 1956983.431: [GC2016-11-27T10:33:51.286+0300: 1956983.431: [ParNew: 274892K->1614K(306688K), 0.0058040 secs] 278793K->5515K(1014528K), 0.0059960 secs] [Times: user=0.02 sys=0.00, real=0.00 secs] 
2016-11-27T11:56:19.136+0300: 1961931.281: [GC2016-11-27T11:56:19.138+0300: 1961931.283: [ParNew: 274254K->2455K(306688K), 0.0064790 secs] 278155K->6356K(1014528K), 0.0088030 secs] [Times: user=0.02 sys=0.00, real=0.01 secs] 
2016-11-27T13:18:00.933+0300: 1966833.079: [GC2016-11-27T13:18:00.934+0300: 1966833.079: [ParNew: 275095K->2485K(306688K), 0.0097970 secs] 278996K->6386K(1014528K), 0.0106160 secs] [Times: user=0.01 sys=0.01, real=0.01 secs] 
2016-11-27T14:40:29.012+0300: 1971781.158: [GC2016-11-27T14:40:29.013+0300: 1971781.158: [ParNew: 275125K->2536K(306688K), 0.1543070 secs] 279026K->6437K(1014528K), 0.1552400 secs] [Times: user=0.04 sys=0.00, real=0.16 secs] 
2016-11-27T16:02:01.324+0300: 1976673.469: [GC2016-11-27T16:02:01.324+0300: 1976673.469: [ParNew: 275176K->2424K(306688K), 0.0215030 secs] 279077K->6325K(1014528K), 0.0220920 secs] [Times: user=0.04 sys=0.00, real=0.02 secs] 
2016-11-27T17:24:16.669+0300: 1981608.925: [GC2016-11-27T17:24:16.780+0300: 1981608.926: [ParNew: 275064K->1729K(306688K), 0.1901970 secs] 278965K->5631K(1014528K), 0.3024190 secs] [Times: user=0.04 sys=0.02, real=0.30 secs] 
2016-11-27T18:46:50.334+0300: 1986562.480: [GC2016-11-27T18:46:50.335+0300: 1986562.481: [ParNew: 274369K->1883K(306688K), 0.1137100 secs] 278271K->5785K(1014528K), 0.1147580 secs] [Times: user=0.03 sys=0.03, real=0.12 secs] 
2016-11-27T20:08:26.300+0300: 1991458.446: [GC2016-11-27T20:08:26.301+0300: 1991458.447: [ParNew: 274523K->2678K(306688K), 0.1913800 secs] 278425K->6579K(1014528K), 0.1926110 secs] [Times: user=0.05 sys=0.02, real=0.19 secs] 
2016-11-27T21:31:01.076+0300: 1996413.221: [GC2016-11-27T21:31:01.077+0300: 1996413.222: [ParNew: 275318K->2478K(306688K), 0.0390720 secs] 279219K->6379K(1014528K), 0.0401280 secs] [Times: user=0.02 sys=0.01, real=0.04 secs] 
2016-11-27T22:53:16.291+0300: 2001348.679: [GC2016-11-27T22:53:16.535+0300: 2001348.680: [ParNew: 275118K->2959K(306688K), 0.6846540 secs] 279019K->6860K(1014528K), 0.9289160 secs] [Times: user=0.02 sys=0.01, real=0.93 secs] 
2016-11-28T00:15:01.324+0300: 2006253.481: [GC2016-11-28T00:15:01.338+0300: 2006253.484: [ParNew: 275599K->2122K(306688K), 0.0321490 secs] 279500K->6024K(1014528K), 0.0466470 secs] [Times: user=0.03 sys=0.01, real=0.05 secs] 
2016-11-28T01:37:11.304+0300: 2011183.450: [GC2016-11-28T01:37:11.306+0300: 2011183.451: [ParNew: 274762K->1776K(306688K), 0.0270240 secs] 278664K->5678K(1014528K), 0.0283930 secs] [Times: user=0.03 sys=0.00, real=0.03 secs] 
2016-11-28T02:59:40.964+0300: 2016133.109: [GC2016-11-28T02:59:40.964+0300: 2016133.110: [ParNew: 274416K->2061K(306688K), 0.0428140 secs] 278318K->5962K(1014528K), 0.0436530 secs] [Times: user=0.01 sys=0.01, real=0.05 secs] 
2016-11-28T04:21:33.462+0300: 2021045.608: [GC2016-11-28T04:21:33.463+0300: 2021045.609: [ParNew: 274701K->2496K(306688K), 0.0163580 secs] 278602K->6398K(1014528K), 0.0176580 secs] [Times: user=0.03 sys=0.01, real=0.02 secs] 
2016-11-28T05:44:01.292+0300: 2025993.437: [GC2016-11-28T05:44:01.292+0300: 2025993.437: [ParNew: 275136K->2540K(306688K), 0.0157370 secs] 279038K->6441K(1014528K), 0.0164110 secs] [Times: user=0.02 sys=0.01, real=0.02 secs] 
2016-11-28T07:05:32.632+0300: 2030884.778: [GC2016-11-28T07:05:32.633+0300: 2030884.778: [ParNew: 275180K->2622K(306688K), 0.0063400 secs] 279081K->6523K(1014528K), 0.0065380 secs] [Times: user=0.02 sys=0.00, real=0.01 secs] 
2016-11-28T08:27:39.797+0300: 2035811.942: [GC2016-11-28T08:27:39.797+0300: 2035811.942: [ParNew: 275262K->1866K(306688K), 0.0085350 secs] 279163K->5767K(1014528K), 0.0088270 secs] [Times: user=0.01 sys=0.00, real=0.01 secs] 
2016-11-28T09:50:09.437+0300: 2040761.582: [GC2016-11-28T09:50:09.437+0300: 2040761.583: [ParNew: 274506K->2047K(306688K), 0.0071110 secs] 278407K->5948K(1014528K), 0.0073590 secs] [Times: user=0.01 sys=0.00, real=0.00 secs] 
2016-11-28T11:12:06.286+0300: 2045678.432: [GC2016-11-28T11:12:06.287+0300: 2045678.432: [ParNew: 274687K->2051K(306688K), 0.0074960 secs] 278588K->5953K(1014528K), 0.0078060 secs] [Times: user=0.03 sys=0.00, real=0.00 secs] 
2016-11-28T12:34:41.934+0300: 2050634.079: [GC2016-11-28T12:34:41.942+0300: 2050634.088: [ParNew: 274691K->1952K(306688K), 0.0053780 secs] 278593K->5853K(1014528K), 0.0136750 secs] [Times: user=0.01 sys=0.01, real=0.02 secs] 
2016-11-28T13:57:01.282+0300: 2055573.428: [GC2016-11-28T13:57:01.282+0300: 2055573.428: [ParNew: 274592K->2066K(306688K), 0.0074380 secs] 278493K->5968K(1014528K), 0.0077410 secs] [Times: user=0.02 sys=0.00, real=0.01 secs] 
2016-11-28T15:18:38.749+0300: 2060470.894: [GC2016-11-28T15:18:38.749+0300: 2060470.895: [ParNew: 274706K->2578K(306688K), 0.0069550 secs] 278608K->6479K(1014528K), 0.0072150 secs] [Times: user=0.02 sys=0.00, real=0.00 secs] 
2016-11-28T16:41:05.471+0300: 2065417.617: [GC2016-11-28T16:41:05.472+0300: 2065417.617: [ParNew: 275218K->1949K(306688K), 0.0331210 secs] 279119K->5851K(1014528K), 0.0344120 secs] [Times: user=0.01 sys=0.01, real=0.03 secs] 
2016-11-28T18:02:46.297+0300: 2070318.443: [GC2016-11-28T18:02:46.437+0300: 2070318.583: [ParNew: 274589K->2330K(306688K), 0.0267110 secs] 278491K->6232K(1014528K), 0.1670480 secs] [Times: user=0.03 sys=0.00, real=0.16 secs] 
2016-11-28T19:25:16.290+0300: 2075268.436: [GC2016-11-28T19:25:16.490+0300: 2075268.636: [ParNew: 274970K->1713K(306688K), 0.0111680 secs] 278872K->5614K(1014528K), 0.2118970 secs] [Times: user=0.03 sys=0.00, real=0.21 secs] 
2016-11-28T20:47:41.528+0300: 2080213.673: [GC2016-11-28T20:47:41.528+0300: 2080213.674: [ParNew: 274353K->2506K(306688K), 0.1495870 secs] 278254K->6407K(1014528K), 0.1719470 secs] [Times: user=0.03 sys=0.00, real=0.17 secs] 
2016-11-28T22:09:26.286+0300: 2085118.431: [GC2016-11-28T22:09:26.286+0300: 2085118.432: [ParNew: 275146K->2162K(306688K), 0.0208760 secs] 279047K->6076K(1014528K), 0.0215380 secs] [Times: user=0.04 sys=0.00, real=0.02 secs] 
2016-11-28T23:31:46.296+0300: 2090058.441: [GC2016-11-28T23:31:46.297+0300: 2090058.442: [ParNew: 274802K->2576K(306688K), 0.0098950 secs] 278716K->6489K(1014528K), 0.0112870 secs] [Times: user=0.03 sys=0.00, real=0.01 secs] 
2016-11-29T00:54:11.288+0300: 2095003.434: [GC2016-11-29T00:54:11.289+0300: 2095003.434: [ParNew: 275216K->2449K(306688K), 0.0137760 secs] 279129K->6363K(1014528K), 0.0145250 secs] [Times: user=0.02 sys=0.00, real=0.01 secs] 
2016-11-29T02:15:56.286+0300: 2099908.431: [GC2016-11-29T02:15:56.286+0300: 2099908.431: [ParNew: 275089K->1990K(306688K), 0.0080510 secs] 279003K->5904K(1014528K), 0.0083050 secs] [Times: user=0.02 sys=0.00, real=0.01 secs] 
2016-11-29T03:38:06.410+0300: 2104838.555: [GC2016-11-29T03:38:06.410+0300: 2104838.555: [ParNew: 274630K->1829K(306688K), 0.0155600 secs] 278544K->5743K(1014528K), 0.0160480 secs] [Times: user=0.02 sys=0.01, real=0.01 secs] 
2016-11-29T05:00:01.826+0300: 2109753.971: [GC2016-11-29T05:00:01.830+0300: 2109753.976: [ParNew: 274469K->2802K(306688K), 0.0355500 secs] 278383K->6715K(1014528K), 0.0402260 secs] [Times: user=0.05 sys=0.00, real=0.04 secs] 
2016-11-29T06:22:12.815+0300: 2114684.960: [GC2016-11-29T06:22:12.815+0300: 2114684.961: [ParNew: 275442K->2923K(306688K), 0.0254580 secs] 279355K->6837K(1014528K), 0.0258360 secs] [Times: user=0.03 sys=0.00, real=0.03 secs] 
2016-11-29T07:44:43.231+0300: 2119635.377: [GC2016-11-29T07:44:43.231+0300: 2119635.377: [ParNew: 275563K->2167K(306688K), 0.0065350 secs] 279477K->6080K(1014528K), 0.0067890 secs] [Times: user=0.02 sys=0.00, real=0.01 secs] 
2016-11-29T09:06:16.747+0300: 2124528.893: [GC2016-11-29T09:06:16.772+0300: 2124528.917: [ParNew: 274807K->2254K(306688K), 0.0113830 secs] 278720K->6168K(1014528K), 0.0358570 secs] [Times: user=0.02 sys=0.00, real=0.03 secs] 
2016-11-29T10:28:46.045+0300: 2129478.190: [GC2016-11-29T10:28:46.045+0300: 2129478.190: [ParNew: 274894K->2213K(306688K), 0.0057520 secs] 278808K->6127K(1014528K), 0.0059820 secs] [Times: user=0.02 sys=0.00, real=0.01 secs] 
2016-11-29T11:51:21.289+0300: 2134433.434: [GC2016-11-29T11:51:21.289+0300: 2134433.435: [ParNew: 274853K->2108K(306688K), 0.0065950 secs] 278767K->6022K(1014528K), 0.0070690 secs] [Times: user=0.02 sys=0.00, real=0.00 secs] 
2016-11-29T13:13:01.287+0300: 2139333.432: [GC2016-11-29T13:13:01.287+0300: 2139333.432: [ParNew: 274748K->2596K(306688K), 0.0084390 secs] 278662K->6509K(1014528K), 0.0087090 secs] [Times: user=0.02 sys=0.00, real=0.00 secs] 
2016-11-29T14:35:31.308+0300: 2144283.454: [GC2016-11-29T14:35:31.309+0300: 2144283.454: [ParNew: 275236K->3025K(306688K), 0.0509190 secs] 279149K->6939K(1014528K), 0.0522230 secs] [Times: user=0.03 sys=0.00, real=0.05 secs] 
2016-11-29T15:58:00.688+0300: 2149232.833: [GC2016-11-29T15:58:00.929+0300: 2149233.075: [ParNew: 275665K->2252K(306688K), 0.0059470 secs] 279579K->6166K(1014528K), 0.2476910 secs] [Times: user=0.02 sys=0.00, real=0.24 secs] 
2016-11-29T17:19:46.345+0300: 2154138.491: [GC2016-11-29T17:19:46.346+0300: 2154138.491: [ParNew: 274892K->2344K(306688K), 0.0139020 secs] 278806K->6258K(1014528K), 0.0149340 secs] [Times: user=0.02 sys=0.00, real=0.01 secs] 
2016-11-29T18:42:16.307+0300: 2159088.452: [GC2016-11-29T18:42:16.308+0300: 2159088.453: [ParNew: 274984K->2351K(306688K), 0.0248280 secs] 278898K->6264K(1014528K), 0.0264920 secs] [Times: user=0.03 sys=0.01, real=0.02 secs] 
2016-11-29T20:04:11.346+0300: 2164003.491: [GC2016-11-29T20:04:11.346+0300: 2164003.491: [ParNew: 274991K->2224K(306688K), 0.0664660 secs] 278904K->6138K(1014528K), 0.0671620 secs] [Times: user=0.07 sys=0.00, real=0.07 secs] 
2016-11-29T21:26:43.293+0300: 2168955.439: [GC2016-11-29T21:26:43.294+0300: 2168955.439: [ParNew: 274864K->1585K(306688K), 0.0079830 secs] 278778K->5499K(1014528K), 0.0082130 secs] [Times: user=0.02 sys=0.00, real=0.01 secs] 
2016-11-29T22:49:01.287+0300: 2173893.433: [GC2016-11-29T22:49:01.288+0300: 2173893.433: [ParNew: 274225K->2748K(306688K), 0.0094550 secs] 278139K->6662K(1014528K), 0.0097700 secs] [Times: user=0.02 sys=0.00, real=0.01 secs] 
2016-11-30T00:11:01.403+0300: 2178813.549: [GC2016-11-30T00:11:01.404+0300: 2178813.550: [ParNew: 275388K->2949K(306688K), 0.0538580 secs] 279302K->6863K(1014528K), 0.0551040 secs] [Times: user=0.03 sys=0.00, real=0.06 secs] 
2016-11-30T01:33:06.287+0300: 2183738.432: [GC2016-11-30T01:33:06.287+0300: 2183738.433: [ParNew: 275589K->2463K(306688K), 0.0073660 secs] 279503K->6377K(1014528K), 0.0076890 secs] [Times: user=0.02 sys=0.00, real=0.00 secs] 
2016-11-30T02:55:31.469+0300: 2188683.615: [GC2016-11-30T02:55:31.470+0300: 2188683.616: [ParNew: 275103K->2590K(306688K), 0.2240860 secs] 279017K->6504K(1014528K), 0.2248960 secs] [Times: user=0.03 sys=0.00, real=0.22 secs] 
2016-11-30T04:17:16.082+0300: 2193588.228: [GC2016-11-30T04:17:16.083+0300: 2193588.228: [ParNew: 275230K->1937K(306688K), 0.2402470 secs] 279144K->5851K(1014528K), 0.2407660 secs] [Times: user=0.02 sys=0.00, real=0.24 secs] 
2016-11-30T05:39:36.287+0300: 2198528.433: [GC2016-11-30T05:39:36.288+0300: 2198528.433: [ParNew: 274577K->2205K(306688K), 0.0110010 secs] 278491K->6119K(1014528K), 0.0112220 secs] [Times: user=0.02 sys=0.00, real=0.01 secs] 
2016-11-30T07:01:13.358+0300: 2203425.503: [GC2016-11-30T07:01:13.358+0300: 2203425.504: [ParNew: 274845K->2369K(306688K), 0.0077270 secs] 278759K->6283K(1014528K), 0.0079300 secs] [Times: user=0.02 sys=0.00, real=0.00 secs] 
2016-11-30T08:23:31.285+0300: 2208363.430: [GC2016-11-30T08:23:31.285+0300: 2208363.430: [ParNew: 275009K->2391K(306688K), 0.0082970 secs] 278923K->6305K(1014528K), 0.0085720 secs] [Times: user=0.02 sys=0.00, real=0.01 secs] 
2016-11-30T09:45:59.352+0300: 2213311.497: [GC2016-11-30T09:45:59.352+0300: 2213311.498: [ParNew: 275031K->2190K(306688K), 0.0055680 secs] 278945K->6104K(1014528K), 0.0057740 secs] [Times: user=0.02 sys=0.00, real=0.01 secs] 
2016-11-30T11:07:36.289+0300: 2218208.435: [GC2016-11-30T11:07:36.290+0300: 2218208.435: [ParNew: 274830K->2497K(306688K), 0.0065620 secs] 278744K->6411K(1014528K), 0.0068670 secs] [Times: user=0.02 sys=0.00, real=0.01 secs] 
2016-11-30T12:30:03.774+0300: 2223155.919: [GC2016-11-30T12:30:03.774+0300: 2223155.919: [ParNew: 275137K->1774K(306688K), 0.0098570 secs] 279051K->5688K(1014528K), 0.0103660 secs] [Times: user=0.03 sys=0.00, real=0.01 secs] 
2016-11-30T13:52:26.362+0300: 2228098.507: [GC2016-11-30T13:52:26.422+0300: 2228098.567: [ParNew: 274414K->1961K(306688K), 0.0078170 secs] 278328K->5875K(1014528K), 0.0674640 secs] [Times: user=0.02 sys=0.00, real=0.07 secs] 
2016-11-30T15:13:55.529+0300: 2232987.675: [GC2016-11-30T15:13:55.530+0300: 2232987.675: [ParNew: 274601K->2572K(306688K), 0.0133080 secs] 278515K->6486K(1014528K), 0.0137580 secs] [Times: user=0.02 sys=0.01, real=0.01 secs] 
2016-11-30T16:36:28.704+0300: 2237940.849: [GC2016-11-30T16:36:28.705+0300: 2237940.850: [ParNew: 275212K->2585K(306688K), 0.1521110 secs] 279126K->6499K(1014528K), 0.1533100 secs] [Times: user=0.02 sys=0.00, real=0.16 secs] 
2016-11-30T17:57:57.194+0300: 2242829.339: [GC2016-11-30T17:57:57.194+0300: 2242829.339: [ParNew: 275225K->2631K(306688K), 0.0107950 secs] 279139K->6546K(1014528K), 0.0111980 secs] [Times: user=0.03 sys=0.00, real=0.01 secs] 
